Component: ARM Compiler 5.06 update 5 (build 528) Tool: armlink [4d35e2]

==============================================================================

Section Cross References

    startup_stm32f10x_md.o(RESET) refers to startup_stm32f10x_md.o(STACK) for __initial_sp
    startup_stm32f10x_md.o(RESET) refers to startup_stm32f10x_md.o(.text) for Reset_Handler
    startup_stm32f10x_md.o(RESET) refers to stm32f10x_it.o(i.NMI_Handler) for NMI_Handler
    startup_stm32f10x_md.o(RESET) refers to stm32f10x_it.o(i.HardFault_Handler) for HardFault_Handler
    startup_stm32f10x_md.o(RESET) refers to stm32f10x_it.o(i.MemManage_Handler) for MemManage_Handler
    startup_stm32f10x_md.o(RESET) refers to stm32f10x_it.o(i.BusFault_Handler) for BusFault_Handler
    startup_stm32f10x_md.o(RESET) refers to stm32f10x_it.o(i.UsageFault_Handler) for UsageFault_Handler
    startup_stm32f10x_md.o(RESET) refers to stm32f10x_it.o(i.SVC_Handler) for SVC_Handler
    startup_stm32f10x_md.o(RESET) refers to stm32f10x_it.o(i.DebugMon_Handler) for DebugMon_Handler
    startup_stm32f10x_md.o(RESET) refers to stm32f10x_it.o(i.PendSV_Handler) for PendSV_Handler
    startup_stm32f10x_md.o(RESET) refers to stm32f10x_it.o(i.SysTick_Handler) for SysTick_Handler
    startup_stm32f10x_md.o(RESET) refers to main.o(i.TIM1_UP_IRQHandler) for TIM1_UP_IRQHandler
    startup_stm32f10x_md.o(RESET) refers to main.o(i.TIM3_IRQHandler) for TIM3_IRQHandler
    startup_stm32f10x_md.o(RESET) refers to serial.o(i.USART1_IRQHandler) for USART1_IRQHandler
    startup_stm32f10x_md.o(RESET) refers to esp8266.o(i.USART2_IRQHandler) for USART2_IRQHandler
    startup_stm32f10x_md.o(RESET) refers to fingerprint.o(i.USART3_IRQHandler) for USART3_IRQHandler
    startup_stm32f10x_md.o(RESET) refers to main.o(i.EXTI15_10_IRQHandler) for EXTI15_10_IRQHandler
    startup_stm32f10x_md.o(.text) refers to system_stm32f10x.o(i.SystemInit) for SystemInit
    startup_stm32f10x_md.o(.text) refers to entry.o(.ARM.Collect$$$$00000000) for __main
    system_stm32f10x.o(i.SetSysClock) refers to system_stm32f10x.o(i.SetSysClockTo72) for SetSysClockTo72
    system_stm32f10x.o(i.SystemCoreClockUpdate) refers to system_stm32f10x.o(.data) for SystemCoreClock
    system_stm32f10x.o(i.SystemInit) refers to system_stm32f10x.o(i.SetSysClock) for SetSysClock
    stm32f10x_adc.o(i.ADC_DeInit) refers to stm32f10x_rcc.o(i.RCC_APB2PeriphResetCmd) for RCC_APB2PeriphResetCmd
    stm32f10x_bkp.o(i.BKP_DeInit) refers to stm32f10x_rcc.o(i.RCC_BackupResetCmd) for RCC_BackupResetCmd
    stm32f10x_can.o(i.CAN_DeInit) refers to stm32f10x_rcc.o(i.RCC_APB1PeriphResetCmd) for RCC_APB1PeriphResetCmd
    stm32f10x_can.o(i.CAN_GetITStatus) refers to stm32f10x_can.o(i.CheckITStatus) for CheckITStatus
    stm32f10x_cec.o(i.CEC_DeInit) refers to stm32f10x_rcc.o(i.RCC_APB1PeriphResetCmd) for RCC_APB1PeriphResetCmd
    stm32f10x_dac.o(i.DAC_DeInit) refers to stm32f10x_rcc.o(i.RCC_APB1PeriphResetCmd) for RCC_APB1PeriphResetCmd
    stm32f10x_flash.o(i.FLASH_EnableWriteProtection) refers to stm32f10x_flash.o(i.FLASH_WaitForLastOperation) for FLASH_WaitForLastOperation
    stm32f10x_flash.o(i.FLASH_EraseAllBank1Pages) refers to stm32f10x_flash.o(i.FLASH_WaitForLastBank1Operation) for FLASH_WaitForLastBank1Operation
    stm32f10x_flash.o(i.FLASH_EraseAllPages) refers to stm32f10x_flash.o(i.FLASH_WaitForLastOperation) for FLASH_WaitForLastOperation
    stm32f10x_flash.o(i.FLASH_EraseOptionBytes) refers to stm32f10x_flash.o(i.FLASH_GetReadOutProtectionStatus) for FLASH_GetReadOutProtectionStatus
    stm32f10x_flash.o(i.FLASH_EraseOptionBytes) refers to stm32f10x_flash.o(i.FLASH_WaitForLastOperation) for FLASH_WaitForLastOperation
    stm32f10x_flash.o(i.FLASH_ErasePage) refers to stm32f10x_flash.o(i.FLASH_WaitForLastOperation) for FLASH_WaitForLastOperation
    stm32f10x_flash.o(i.FLASH_ProgramHalfWord) refers to stm32f10x_flash.o(i.FLASH_WaitForLastOperation) for FLASH_WaitForLastOperation
    stm32f10x_flash.o(i.FLASH_ProgramOptionByteData) refers to stm32f10x_flash.o(i.FLASH_WaitForLastOperation) for FLASH_WaitForLastOperation
    stm32f10x_flash.o(i.FLASH_ProgramWord) refers to stm32f10x_flash.o(i.FLASH_WaitForLastOperation) for FLASH_WaitForLastOperation
    stm32f10x_flash.o(i.FLASH_ReadOutProtection) refers to stm32f10x_flash.o(i.FLASH_WaitForLastOperation) for FLASH_WaitForLastOperation
    stm32f10x_flash.o(i.FLASH_UserOptionByteConfig) refers to stm32f10x_flash.o(i.FLASH_WaitForLastOperation) for FLASH_WaitForLastOperation
    stm32f10x_flash.o(i.FLASH_WaitForLastBank1Operation) refers to stm32f10x_flash.o(i.FLASH_GetBank1Status) for FLASH_GetBank1Status
    stm32f10x_flash.o(i.FLASH_WaitForLastOperation) refers to stm32f10x_flash.o(i.FLASH_GetBank1Status) for FLASH_GetBank1Status
    stm32f10x_gpio.o(i.GPIO_AFIODeInit) refers to stm32f10x_rcc.o(i.RCC_APB2PeriphResetCmd) for RCC_APB2PeriphResetCmd
    stm32f10x_gpio.o(i.GPIO_DeInit) refers to stm32f10x_rcc.o(i.RCC_APB2PeriphResetCmd) for RCC_APB2PeriphResetCmd
[...]
    .text                                    0x08000472   Section        0  dfltui.o(.text)
    .text                                    0x0800048c   Section        0  dfixui.o(.text)
    .text                                    0x080004be   Section        0  uidiv.o(.text)
    .text                                    0x080004ea   Section        0  uldiv.o(.text)
    .text                                    0x0800054c   Section        0  llushr.o(.text)
    .text                                    0x0800056c   Section        0  scanf_char.o(.text)
    _scanf_char_input                        0x0800056d   Thumb Code    12  scanf_char.o(.text)
    .text                                    0x08000594   Section        0  _sgetc.o(.text)
    .text                                    0x080005d4   Section        0  depilogue.o(.text)
    .text                                    0x080005d4   Section        0  iusefp.o(.text)
    .text                                    0x0800068e   Section        0  dadd.o(.text)
    .text                                    0x080007dc   Section        0  dfixul.o(.text)
    .text                                    0x0800080c   Section       48  cdrcmple.o(.text)
    .text                                    0x0800083c   Section       36  init.o(.text)
    .text                                    0x08000860   Section        0  llshl.o(.text)
    .text                                    0x0800087e   Section        0  llsshr.o(.text)
    .text                                    0x080008a2   Section        0  isspace_c.o(.text)
    .text                                    0x080008ac   Section        0  _scanf.o(.text)
    .text                                    0x08000bd8   Section        0  ctype_c.o(.text)
    .text                                    0x08000c00   Section        0  __dczerorl2.o(.text)
    i.ADC_Cmd                                0x08000c56   Section        0  stm32f10x_adc.o(i.ADC_Cmd)
    i.ADC_DeInit                             0x08000c6c   Section        0  stm32f10x_adc.o(i.ADC_DeInit)
    i.ADC_GetCalibrationStatus               0x08000cc8   Section        0  stm32f10x_adc.o(i.ADC_GetCalibrationStatus)
    i.ADC_GetConversionValue                 0x08000cdc   Section        0  stm32f10x_adc.o(i.ADC_GetConversionValue)
    i.ADC_GetFlagStatus                      0x08000ce4   Section        0  stm32f10x_adc.o(i.ADC_GetFlagStatus)
    i.ADC_GetResetCalibrationStatus          0x08000cf6   Section        0  stm32f10x_adc.o(i.ADC_GetResetCalibrationStatus)
    i.ADC_Init                               0x08000d0c   Section        0  stm32f10x_adc.o(i.ADC_Init)
    i.ADC_RegularChannelConfig               0x08000d5c   Section        0  stm32f10x_adc.o(i.ADC_RegularChannelConfig)
    i.ADC_ResetCalibration                   0x08000e14   Section        0  stm32f10x_adc.o(i.ADC_ResetCalibration)
    i.ADC_SoftwareStartConvCmd               0x08000e1e   Section        0  stm32f10x_adc.o(i.ADC_SoftwareStartConvCmd)
    i.ADC_StartCalibration                   0x08000e34   Section        0  stm32f10x_adc.o(i.ADC_StartCalibration)
    i.Adc_Init                               0x08000e40   Section        0  water.o(i.Adc_Init)
    i.BusFault_Handler                       0x08000ecc   Section        0  stm32f10x_it.o(i.BusFault_Handler)
    i.Buzzer                                 0x08000ed0   Section        0  water.o(i.Buzzer)
    i.Buzzer_Init                            0x08000ef4   Section        0  water.o(i.Buzzer_Init)
    i.DELECT_ALLUSERS                        0x08000f28   Section        0  fingerprint.o(i.DELECT_ALLUSERS)
    i.DELECT_ONEUSER                         0x08000f9c   Section        0  fingerprint.o(i.DELECT_ONEUSER)
    i.DHT11_Check                            0x08001048   Section        0  dht11.o(i.DHT11_Check)
    i.DHT11_IO_IN                            0x08001098   Section        0  dht11.o(i.DHT11_IO_IN)
    i.DHT11_IO_OUT                           0x080010c0   Section        0  dht11.o(i.DHT11_IO_OUT)
    i.DHT11_Init                             0x080010ec   Section        0  dht11.o(i.DHT11_Init)
    i.DHT11_Read_Bit                         0x080010f8   Section        0  dht11.o(i.DHT11_Read_Bit)
    i.DHT11_Read_Byte                        0x08001144   Section        0  dht11.o(i.DHT11_Read_Byte)
    i.DHT11_Read_Data                        0x08001164   Section        0  dht11.o(i.DHT11_Read_Data)
    i.DHT11_Rst                              0x080011d4   Section        0  dht11.o(i.DHT11_Rst)
    i.DebugMon_Handler                       0x08001200   Section        0  stm32f10x_it.o(i.DebugMon_Handler)
    i.Delay_ms                               0x08001202   Section        0  delay.o(i.Delay_ms)
    i.Delay_us                               0x0800121a   Section        0  delay.o(i.Delay_us)
    i.ESP8266_AT_Test                        0x08001248   Section        0  esp8266.o(i.ESP8266_AT_Test)
    i.ESP8266_Aliyun                         0x08001288   Section        0  esp8266.o(i.ESP8266_Aliyun)
    i.ESP8266_Cmd                            0x080012a0   Section        0  esp8266.o(i.ESP8266_Cmd)
    i.ESP8266_GPIO_Config                    0x0800134c   Section        0  esp8266.o(i.ESP8266_GPIO_Config)
    ESP8266_GPIO_Config                      0x0800134d   Thumb Code    38  esp8266.o(i.ESP8266_GPIO_Config)
    i.ESP8266_Init                           0x08001378   Section        0  esp8266.o(i.ESP8266_Init)
    i.ESP8266_JoinAP                         0x08001384   Section        0  esp8266.o(i.ESP8266_JoinAP)
    i.ESP8266_Net_Mode_Choose                0x080013c4   Section        0  esp8266.o(i.ESP8266_Net_Mode_Choose)
    i.ESP8266_Rst                            0x0800143c   Section        0  esp8266.o(i.ESP8266_Rst)
    i.ESP8266_StaTcpClient                   0x0800145c   Section        0  esp8266.o(i.ESP8266_StaTcpClient)
    i.ESP8266_USART_Config                   0x08001528   Section        0  esp8266.o(i.ESP8266_USART_Config)
    ESP8266_USART_Config                     0x08001529   Thumb Code   144  esp8266.o(i.ESP8266_USART_Config)
    i.ESP8266_USART_NVIC_Configuration       0x080015c0   Section        0  esp8266.o(i.ESP8266_USART_NVIC_Configuration)
    ESP8266_USART_NVIC_Configuration         0x080015c1   Thumb Code    42  esp8266.o(i.ESP8266_USART_NVIC_Configuration)
    i.ESP8266_weather                        0x080015ec   Section        0  esp8266.o(i.ESP8266_weather)
    i.EXTI15_10_IRQHandler                   0x0800171c   Section        0  main.o(i.EXTI15_10_IRQHandler)
    i.EXTI_ClearITPendingBit                 0x080017e8   Section        0  stm32f10x_exti.o(i.EXTI_ClearITPendingBit)
    i.EXTI_Init                              0x080017f4   Section        0  stm32f10x_exti.o(i.EXTI_Init)
    i.GPIO_EXTILineConfig                    0x08001888   Section        0  stm32f10x_gpio.o(i.GPIO_EXTILineConfig)
    i.GPIO_Init                              0x080018c8   Section        0  stm32f10x_gpio.o(i.GPIO_Init)
    i.GPIO_PinRemapConfig                    0x080019e0   Section        0  stm32f10x_gpio.o(i.GPIO_PinRemapConfig)
    i.GPIO_ReadInputDataBit                  0x08001a70   Section        0  stm32f10x_gpio.o(i.GPIO_ReadInputDataBit)
    i.GPIO_ReadOutputDataBit                 0x08001a82   Section        0  stm32f10x_gpio.o(i.GPIO_ReadOutputDataBit)
    i.GPIO_ResetBits                         0x08001a94   Section        0  stm32f10x_gpio.o(i.GPIO_ResetBits)
    i.GPIO_SetBits                           0x08001a98   Section        0  stm32f10x_gpio.o(i.GPIO_SetBits)
    i.GPIO_WriteBit                          0x08001a9c   Section        0  stm32f10x_gpio.o(i.GPIO_WriteBit)
    i.GetRxFlag                              0x08001aa8   Section        0  fingerprint.o(i.GetRxFlag)
    i.Get_Adc                                0x08001ac4   Section        0  water.o(i.Get_Adc)
    i.Get_Adc_Average                        0x08001af8   Section        0  water.o(i.Get_Adc_Average)
    i.Get_AllUsers                           0x08001b28   Section        0  fingerprint.o(i.Get_AllUsers)
    i.HardFault_Handler                      0x08001bb0   Section        0  stm32f10x_it.o(i.HardFault_Handler)
    i.Key_Init                               0x08001bb4   Section        0  key.o(i.Key_Init)
    i.Key_show                               0x08001c34   Section        0  main.o(i.Key_show)
    i.LCD_Address_Set                        0x08001ffc   Section        0  lcd.o(i.LCD_Address_Set)
    i.LCD_DrawPoint                          0x08002036   Section        0  lcd.o(i.LCD_DrawPoint)
    i.LCD_Fill                               0x08002052   Section        0  lcd.o(i.LCD_Fill)
    i.LCD_GPIO_Init                          0x08002098   Section        0  lcd.o(i.LCD_GPIO_Init)
    i.LCD_Init                               0x080020cc   Section        0  lcd.o(i.LCD_Init)
    i.LCD_ShowChar                           0x08002264   Section        0  lcd.o(i.LCD_ShowChar)
    i.LCD_ShowChinese24x24                   0x080023bc   Section        0  lcd.o(i.LCD_ShowChinese24x24)
    i.LCD_ShowChinese32x32                   0x0800254c   Section        0  lcd.o(i.LCD_ShowChinese32x32)
    i.LCD_ShowIntNum                         0x080026dc   Section        0  lcd.o(i.LCD_ShowIntNum)
    i.LCD_ShowPicture                        0x08002772   Section        0  lcd.o(i.LCD_ShowPicture)
    i.LCD_ShowString                         0x080027d8   Section        0  lcd.o(i.LCD_ShowString)
    i.LCD_WR_DATA                            0x0800281a   Section        0  lcd.o(i.LCD_WR_DATA)
    i.LCD_WR_DATA8                           0x0800282c   Section        0  lcd.o(i.LCD_WR_DATA8)
    i.LCD_WR_REG                             0x08002838   Section        0  lcd.o(i.LCD_WR_REG)
    i.LCD_Writ_Bus                           0x08002858   Section        0  lcd.o(i.LCD_Writ_Bus)
    i.LED1_Turn                              0x0800289c   Section        0  led.o(i.LED1_Turn)
    i.LED_Init                               0x080028c8   Section        0  led.o(i.LED_Init)
    i.MemManage_Handler                      0x080028fc   Section        0  stm32f10x_it.o(i.MemManage_Handler)
    i.NMI_Handler                            0x08002900   Section        0  stm32f10x_it.o(i.NMI_Handler)
    i.NVIC_Configuration                     0x08002902   Section        0  fingerprint.o(i.NVIC_Configuration)
    NVIC_Configuration                       0x08002903   Thumb Code    38  fingerprint.o(i.NVIC_Configuration)
    i.NVIC_Init                              0x08002928   Section        0  misc.o(i.NVIC_Init)
    i.NVIC_PriorityGroupConfig               0x08002998   Section        0  misc.o(i.NVIC_PriorityGroupConfig)
    i.OLED_Clear                             0x080029ac   Section        0  oled.o(i.OLED_Clear)
    i.OLED_I2C_Init                          0x080029d8   Section        0  oled.o(i.OLED_I2C_Init)
    i.OLED_I2C_SendByte                      0x08002a24   Section        0  oled.o(i.OLED_I2C_SendByte)
    i.OLED_I2C_Start                         0x08002a74   Section        0  oled.o(i.OLED_I2C_Start)
    i.OLED_I2C_Stop                          0x08002aa4   Section        0  oled.o(i.OLED_I2C_Stop)
    i.OLED_Init                              0x08002acc   Section        0  oled.o(i.OLED_Init)
    i.OLED_Pow                               0x08002b7a   Section        0  oled.o(i.OLED_Pow)
    i.OLED_SetCursor                         0x08002b8e   Section        0  oled.o(i.OLED_SetCursor)
    i.OLED_ShowChar                          0x08002bb0   Section        0  oled.o(i.OLED_ShowChar)
    i.OLED_ShowNum                           0x08002c24   Section        0  oled.o(i.OLED_ShowNum)
    i.OLED_ShowString                        0x08002c68   Section        0  oled.o(i.OLED_ShowString)
    i.OLED_WriteCommand                      0x08002c90   Section        0  oled.o(i.OLED_WriteCommand)
    i.OLED_WriteData                         0x08002cb0   Section        0  oled.o(i.OLED_WriteData)
    i.PWM_Init                               0x08002cd0   Section        0  pwm.o(i.PWM_Init)
    i.PendSV_Handler                         0x08002d88   Section        0  stm32f10x_it.o(i.PendSV_Handler)
    i.RCC_ADCCLKConfig                       0x08002d8c   Section        0  stm32f10x_rcc.o(i.RCC_ADCCLKConfig)
    i.RCC_APB1PeriphClockCmd                 0x08002da4   Section        0  stm32f10x_rcc.o(i.RCC_APB1PeriphClockCmd)
    i.RCC_APB2PeriphClockCmd                 0x08002dc4   Section        0  stm32f10x_rcc.o(i.RCC_APB2PeriphClockCmd)
    i.RCC_APB2PeriphResetCmd                 0x08002de4   Section        0  stm32f10x_rcc.o(i.RCC_APB2PeriphResetCmd)
    i.RCC_GetClocksFreq                      0x08002e04   Section        0  stm32f10x_rcc.o(i.RCC_GetClocksFreq)
    i.REGISTER_USER                          0x08002ed8   Section        0  fingerprint.o(i.REGISTER_USER)
    i.Relay_Init                             0x08003080   Section        0  relay.o(i.Relay_Init)
    i.SVC_Handler                            0x080030ac   Section        0  stm32f10x_it.o(i.SVC_Handler)
    i.Serial_Init                            0x080030b0   Section        0  serial.o(i.Serial_Init)
    i.Serial_SendByte                        0x08003168   Section        0  serial.o(i.Serial_SendByte)
    i.SetSysClock                            0x08003188   Section        0  system_stm32f10x.o(i.SetSysClock)
    SetSysClock                              0x08003189   Thumb Code     8  system_stm32f10x.o(i.SetSysClock)
    i.SetSysClockTo72                        0x08003190   Section        0  system_stm32f10x.o(i.SetSysClockTo72)
    SetSysClockTo72                          0x08003191   Thumb Code   214  system_stm32f10x.o(i.SetSysClockTo72)
    i.SysTick_Handler                        0x08003270   Section        0  stm32f10x_it.o(i.SysTick_Handler)
    i.SystemInit                             0x08003274   Section        0  system_stm32f10x.o(i.SystemInit)
    i.TIM1_UP_IRQHandler                     0x080032d4   Section        0  main.o(i.TIM1_UP_IRQHandler)
    i.TIM3_IRQHandler                        0x080033d4   Section        0  main.o(i.TIM3_IRQHandler)
    i.TIM3_Init                              0x08003428   Section        0  tim3.o(i.TIM3_Init)
    i.TIM_ClearFlag                          0x080034a8   Section        0  stm32f10x_tim.o(i.TIM_ClearFlag)
    i.TIM_ClearITPendingBit                  0x080034ae   Section        0  stm32f10x_tim.o(i.TIM_ClearITPendingBit)
    i.TIM_Cmd                                0x080034b4   Section        0  stm32f10x_tim.o(i.TIM_Cmd)
    i.TIM_GetITStatus                        0x080034cc   Section        0  stm32f10x_tim.o(i.TIM_GetITStatus)
    i.TIM_ITConfig                           0x080034ee   Section        0  stm32f10x_tim.o(i.TIM_ITConfig)
    i.TIM_InternalClockConfig                0x08003500   Section        0  stm32f10x_tim.o(i.TIM_InternalClockConfig)
    i.TIM_OC1Init                            0x0800350c   Section        0  stm32f10x_tim.o(i.TIM_OC1Init)
    i.TIM_OCStructInit                       0x080035a4   Section        0  stm32f10x_tim.o(i.TIM_OCStructInit)
    i.TIM_TimeBaseInit                       0x080035b8   Section        0  stm32f10x_tim.o(i.TIM_TimeBaseInit)
    i.TW_show                                0x0800365c   Section        0  main.o(i.TW_show)
    i.Timer_Init                             0x080038a8   Section        0  timer.o(i.Timer_Init)
    i.USART1_IRQHandler                      0x08003924   Section        0  serial.o(i.USART1_IRQHandler)
    i.USART2_IRQHandler                      0x08003984   Section        0  esp8266.o(i.USART2_IRQHandler)
    i.USART3_IRQHandler                      0x08003a24   Section        0  fingerprint.o(i.USART3_IRQHandler)
    i.USART_ClearITPendingBit                0x08003ab8   Section        0  stm32f10x_usart.o(i.USART_ClearITPendingBit)
    i.USART_Cmd                              0x08003ad6   Section        0  stm32f10x_usart.o(i.USART_Cmd)
    i.USART_Config                           0x08003af0   Section        0  fingerprint.o(i.USART_Config)
    i.USART_GetFlagStatus                    0x08003b80   Section        0  stm32f10x_usart.o(i.USART_GetFlagStatus)
    i.USART_GetITStatus                      0x08003b9a   Section        0  stm32f10x_usart.o(i.USART_GetITStatus)
    i.USART_ITConfig                         0x08003bee   Section        0  stm32f10x_usart.o(i.USART_ITConfig)
    i.USART_Init                             0x08003c38   Section        0  stm32f10x_usart.o(i.USART_Init)
    i.USART_ReceiveData                      0x08003d10   Section        0  stm32f10x_usart.o(i.USART_ReceiveData)
    i.USART_SendData                         0x08003d1a   Section        0  stm32f10x_usart.o(i.USART_SendData)
    i.USART_printf                           0x08003d22   Section        0  common.o(i.USART_printf)
    i.UsageFault_Handler                     0x08003e28   Section        0  stm32f10x_it.o(i.UsageFault_Handler)
    i.Usart_SendByte                         0x08003e2c   Section        0  fingerprint.o(i.Usart_SendByte)
    i.Usart_SendHalfWord                     0x08003e4c   Section        0  fingerprint.o(i.Usart_SendHalfWord)
    i.__0printf                              0x08003e64   Section        0  printfa.o(i.__0printf)
    i.__0snprintf                            0x08003e84   Section        0  printfa.o(i.__0snprintf)
    i.__0sprintf                             0x08003eb4   Section        0  printfa.o(i.__0sprintf)
    i.__scatterload_copy                     0x08003edc   Section       14  handlers.o(i.__scatterload_copy)
    i.__scatterload_null                     0x08003eea   Section        2  handlers.o(i.__scatterload_null)
    i.__scatterload_zeroinit                 0x08003eec   Section       14  handlers.o(i.__scatterload_zeroinit)
    i._fp_digits                             0x08003efc   Section        0  printfa.o(i._fp_digits)
    _fp_digits                               0x08003efd   Thumb Code   366  printfa.o(i._fp_digits)
    i._printf_core                           0x08004080   Section        0  printfa.o(i._printf_core)
    _printf_core                             0x08004081   Thumb Code  1744  printfa.o(i._printf_core)
    i._printf_post_padding                   0x0800475c   Section        0  printfa.o(i._printf_post_padding)
    _printf_post_padding                     0x0800475d   Thumb Code    36  printfa.o(i._printf_post_padding)
    i._printf_pre_padding                    0x08004780   Section        0  printfa.o(i._printf_pre_padding)
    _printf_pre_padding                      0x08004781   Thumb Code    46  printfa.o(i._printf_pre_padding)
    i._snputc                                0x080047ae   Section        0  printfa.o(i._snputc)
    _snputc                                  0x080047af   Thumb Code    22  printfa.o(i._snputc)
    i._sputc                                 0x080047c4   Section        0  printfa.o(i._sputc)
    _sputc                                   0x080047c5   Thumb Code    10  printfa.o(i._sputc)
    i.calculateChecksum                      0x080047ce   Section        0  fingerprint.o(i.calculateChecksum)
    i.create_mqtt_all_command                0x080047e8   Section        0  esp8266.o(i.create_mqtt_all_command)
    i.create_mqtt_jsqswitch_command          0x08004810   Section        0  esp8266.o(i.create_mqtt_jsqswitch_command)
    i.create_mqtt_ledswitch_command          0x0800482c   Section        0  esp8266.o(i.create_mqtt_ledswitch_command)
    i.create_mqtt_pub_command                0x08004848   Section        0  esp8266.o(i.create_mqtt_pub_command)
    i.create_mqtt_warningflag_command        0x08004868   Section        0  esp8266.o(i.create_mqtt_warningflag_command)
    i.create_mqtt_waterlevel_command         0x08004884   Section        0  esp8266.o(i.create_mqtt_waterlevel_command)
    i.extract_data                           0x080048a0   Section        0  esp8266.o(i.extract_data)
    i.extract_mqtt_flags                     0x08004a38   Section        0  esp8266.o(i.extract_mqtt_flags)
    i.fputc                                  0x08004b0c   Section        0  serial.o(i.fputc)
    i.get_number_length_sprintf              0x08004b1c   Section        0  main.o(i.get_number_length_sprintf)
    i.humidityandtemperature_Check           0x08004b38   Section        0  dht11.o(i.humidityandtemperature_Check)
    i.itoa                                   0x08004b60   Section        0  common.o(i.itoa)
    itoa                                     0x08004b61   Thumb Code    98  common.o(i.itoa)
    i.main                                   0x08004bc4   Section        0  main.o(i.main)
    i.match_fingerprint                      0x080050c0   Section        0  fingerprint.o(i.match_fingerprint)
    i.mypow                                  0x08005184   Section        0  lcd.o(i.mypow)
    i.relay_off1                             0x0800519c   Section        0  relay.o(i.relay_off1)
    i.relay_off2                             0x080051ac   Section        0  relay.o(i.relay_off2)
    i.relay_on1                              0x080051bc   Section        0  relay.o(i.relay_on1)
    i.relay_on2                              0x080051cc   Section        0  relay.o(i.relay_on2)
    i.water_leavel_Check                     0x080051dc   Section        0  water.o(i.water_leavel_Check)
    .constdata                               0x080051f4   Section     1520  oled.o(.constdata)
    .constdata                               0x080057e4   Section    17854  lcd.o(.constdata)
    .constdata                               0x08009da2   Section    23200  main.o(.constdata)
    .constdata                               0x0800f842   Section       64  ctype_c.o(.constdata)
    .conststring                             0x0800f884   Section      926  esp8266.o(.conststring)
    .data                                    0x20000000   Section       20  stm32f10x_rcc.o(.data)
    APBAHBPrescTable                         0x20000000   Data          16  stm32f10x_rcc.o(.data)
    ADCPrescTable                            0x20000010   Data           4  stm32f10x_rcc.o(.data)
    .data                                    0x20000014   Section        2  serial.o(.data)
    pRxPacket                                0x20000015   Data           1  serial.o(.data)
    .data                                    0x20000016   Section      263  esp8266.o(.data)
    User                                     0x20000017   Data         122  esp8266.o(.data)
    rst_data                                 0x20000091   Data         140  esp8266.o(.data)
    .data                                    0x2000011d   Section       44  fingerprint.o(.data)
    ALL_USERS                                0x2000011d   Data           8  fingerprint.o(.data)
    REG_USER1                                0x20000125   Data           8  fingerprint.o(.data)
    REG_USER2                                0x2000012d   Data           8  fingerprint.o(.data)
    DEL_ALLUSER                              0x20000135   Data           8  fingerprint.o(.data)
    MATCH                                    0x2000013d   Data           8  fingerprint.o(.data)
    t                                        0x20000146   Data           1  fingerprint.o(.data)
    Rxlocation                               0x20000147   Data           1  fingerprint.o(.data)
    RxState                                  0x20000148   Data           1  fingerprint.o(.data)
    .data                                    0x20000149   Section        4  dht11.o(.data)
    .data                                    0x2000014d   Section        1  water.o(.data)
    .data                                    0x20000150   Section      158  main.o(.data)
    ALL_USERS                                0x20000150   Data           8  main.o(.data)
    REG_USER1                                0x20000158   Data           8  main.o(.data)
    REG_USER2                                0x20000160   Data           8  main.o(.data)
    DEL_ALLUSER                              0x20000168   Data           8  main.o(.data)
    MATCH                                    0x20000170   Data           8  main.o(.data)
    .data                                    0x200001f0   Section        4  stdout.o(.data)
    .bss                                     0x200001f4   Section      100  serial.o(.bss)
    .bss                                     0x20000258   Section     2526  esp8266.o(.bss)
    .bss                                     0x20000c36   Section      100  fingerprint.o(.bss)
    .bss                                     0x20000c9a   Section      255  main.o(.bss)
    STACK                                    0x20000da0   Section     1024  startup_stm32f10x_md.o(STACK)

    Global Symbols

    Symbol Name                              Value     Ov Type        Size  Object(Section)

    BuildAttributes$$THM_ISAv4$P$D$K$B$S$PE$A:L22UL41UL21$X:L11$S22US41US21$IEEE1$IW$USESV6$~STKCKD$USESV7$~SHL$OSPACE$ROPI$EBA8$MICROLIB$REQ8$PRES8$EABIv2 0x00000000   Number         0  anon$$obj.o ABSOLUTE
    __ARM_use_no_argv                        0x00000000   Number         0  main.o ABSOLUTE
    _printf_a                                0x00000000   Number         0  stubs.o ABSOLUTE
    _printf_c                                0x00000000   Number         0  stubs.o ABSOLUTE
    _printf_charcount                        0x00000000   Number         0  stubs.o ABSOLUTE
    _printf_d                                0x00000000   Number         0  stubs.o ABSOLUTE
    _printf_e                                0x00000000   Number         0  stubs.o ABSOLUTE
    _printf_f                                0x00000000   Number         0  stubs.o ABSOLUTE
    _printf_flags                            0x00000000   Number         0  stubs.o ABSOLUTE
    _printf_fp_dec                           0x00000000   Number         0  stubs.o ABSOLUTE
    _printf_fp_hex                           0x00000000   Number         0  stubs.o ABSOLUTE
    _printf_g                                0x00000000   Number         0  stubs.o ABSOLUTE
    _printf_i                                0x00000000   Number         0  stubs.o ABSOLUTE
    _printf_int_dec                          0x00000000   Number         0  stubs.o ABSOLUTE
    _printf_l                                0x00000000   Number         0  stubs.o ABSOLUTE
    _printf_lc                               0x00000000   Number         0  stubs.o ABSOLUTE
    _printf_ll                               0x00000000   Number         0  stubs.o ABSOLUTE
    _printf_lld                              0x00000000   Number         0  stubs.o ABSOLUTE
    _printf_lli                              0x00000000   Number         0  stubs.o ABSOLUTE
    _printf_llo                              0x00000000   Number         0  stubs.o ABSOLUTE
    _printf_llu                              0x00000000   Number         0  stubs.o ABSOLUTE
    _printf_llx                              0x00000000   Number         0  stubs.o ABSOLUTE
    _printf_longlong_dec                     0x00000000   Number         0  stubs.o ABSOLUTE
    _printf_longlong_hex                     0x00000000   Number         0  stubs.o ABSOLUTE
    _printf_longlong_oct                     0x00000000   Number         0  stubs.o ABSOLUTE
    _printf_ls                               0x00000000   Number         0  stubs.o ABSOLUTE
    _printf_mbtowc                           0x00000000   Number         0  stubs.o ABSOLUTE
    _printf_n                                0x00000000   Number         0  stubs.o ABSOLUTE
    _printf_o                                0x00000000   Number         0  stubs.o ABSOLUTE
    _printf_p                                0x00000000   Number         0  stubs.o ABSOLUTE
    _printf_percent                          0x00000000   Number         0  stubs.o ABSOLUTE
    _printf_pre_padding                      0x00000000   Number         0  stubs.o ABSOLUTE
    _printf_return_value                     0x00000000   Number         0  stubs.o ABSOLUTE
    _printf_s                                0x00000000   Number         0  stubs.o ABSOLUTE
    _printf_sizespec                         0x00000000   Number         0  stubs.o ABSOLUTE
    _printf_str                              0x00000000   Number         0  stubs.o ABSOLUTE
    _printf_truncate_signed                  0x00000000   Number         0  stubs.o ABSOLUTE
    _printf_truncate_unsigned                0x00000000   Number         0  stubs.o ABSOLUTE
    _printf_u                                0x00000000   Number         0  stubs.o ABSOLUTE
    _printf_wc                               0x00000000   Number         0  stubs.o ABSOLUTE
    _printf_wctomb                           0x00000000   Number         0  stubs.o ABSOLUTE
    _printf_widthprec                        0x00000000   Number         0  stubs.o ABSOLUTE
    _printf_x                                0x00000000   Number         0  stubs.o ABSOLUTE
    __cpp_initialize__aeabi_                  - Undefined Weak Reference
    __cxa_finalize                            - Undefined Weak Reference
    _clock_init                               - Undefined Weak Reference
    _microlib_exit                            - Undefined Weak Reference
    _scanf_int                                - Undefined Weak Reference
    _scanf_longlong                           - Undefined Weak Reference
    _scanf_real                               - Undefined Weak Reference
    __Vectors_Size                           0x000000ec   Number         0  startup_stm32f10x_md.o ABSOLUTE
    __Vectors                                0x08000000   Data           4  startup_stm32f10x_md.o(RESET)
    __Vectors_End                            0x080000ec   Data           0  startup_stm32f10x_md.o(RESET)
    __main                                   0x080000ed   Thumb Code     0  entry.o(.ARM.Collect$$$$00000000)
    _main_stk                                0x080000ed   Thumb Code     0  entry2.o(.ARM.Collect$$$$00000001)
    _main_scatterload                        0x080000f1   Thumb Code     0  entry5.o(.ARM.Collect$$$$00000004)
    __main_after_scatterload                 0x080000f5   Thumb Code     0  entry5.o(.ARM.Collect$$$$00000004)
    _main_clock                              0x080000f5   Thumb Code     0  entry7b.o(.ARM.Collect$$$$00000008)
    _main_cpp_init                           0x080000f5   Thumb Code     0  entry8b.o(.ARM.Collect$$$$0000000A)
    _main_init                               0x080000f5   Thumb Code     0  entry9a.o(.ARM.Collect$$$$0000000B)
    __rt_final_cpp                           0x080000fd   Thumb Code     0  entry10a.o(.ARM.Collect$$$$0000000D)
    __rt_final_exit                          0x080000fd   Thumb Code     0  entry11a.o(.ARM.Collect$$$$0000000F)
    Reset_Handler                            0x08000101   Thumb Code     8  startup_stm32f10x_md.o(.text)
    ADC1_2_IRQHandler                        0x0800011b   Thumb Code     0  startup_stm32f10x_md.o(.text)
    CAN1_RX1_IRQHandler                      0x0800011b   Thumb Code     0  startup_stm32f10x_md.o(.text)
    CAN1_SCE_IRQHandler                      0x0800011b   Thumb Code     0  startup_stm32f10x_md.o(.text)
    DMA1_Channel1_IRQHandler                 0x0800011b   Thumb Code     0  startup_stm32f10x_md.o(.text)
    DMA1_Channel2_IRQHandler                 0x0800011b   Thumb Code     0  startup_stm32f10x_md.o(.text)
    DMA1_Channel3_IRQHandler                 0x0800011b   Thumb Code     0  startup_stm32f10x_md.o(.text)
    DMA1_Channel4_IRQHandler                 0x0800011b   Thumb Code     0  startup_stm32f10x_md.o(.text)
    DMA1_Channel5_IRQHandler                 0x0800011b   Thumb Code     0  startup_stm32f10x_md.o(.text)
    DMA1_Channel6_IRQHandler                 0x0800011b   Thumb Code     0  startup_stm32f10x_md.o(.text)
    DMA1_Channel7_IRQHandler                 0x0800011b   Thumb Code     0  startup_stm32f10x_md.o(.text)
    EXTI0_IRQHandler                         0x0800011b   Thumb Code     0  startup_stm32f10x_md.o(.text)
    EXTI1_IRQHandler                         0x0800011b   Thumb Code     0  startup_stm32f10x_md.o(.text)
    EXTI2_IRQHandler                         0x0800011b   Thumb Code     0  startup_stm32f10x_md.o(.text)
    EXTI3_IRQHandler                         0x0800011b   Thumb Code     0  startup_stm32f10x_md.o(.text)
    EXTI4_IRQHandler                         0x0800011b   Thumb Code     0  startup_stm32f10x_md.o(.text)
    EXTI9_5_IRQHandler                       0x0800011b   Thumb Code     0  startup_stm32f10x_md.o(.text)
    FLASH_IRQHandler                         0x0800011b   Thumb Code     0  startup_stm32f10x_md.o(.text)
    I2C1_ER_IRQHandler                       0x0800011b   Thumb Code     0  startup_stm32f10x_md.o(.text)
    I2C1_EV_IRQHandler                       0x0800011b   Thumb Code     0  startup_stm32f10x_md.o(.text)
    I2C2_ER_IRQHandler                       0x0800011b   Thumb Code     0  startup_stm32f10x_md.o(.text)
    I2C2_EV_IRQHandler                       0x0800011b   Thumb Code     0  startup_stm32f10x_md.o(.text)
    PVD_IRQHandler                           0x0800011b   Thumb Code     0  startup_stm32f10x_md.o(.text)
    RCC_IRQHandler                           0x0800011b   Thumb Code     0  startup_stm32f10x_md.o(.text)
    RTCAlarm_IRQHandler                      0x0800011b   Thumb Code     0  startup_stm32f10x_md.o(.text)
    RTC_IRQHandler                           0x0800011b   Thumb Code     0  startup_stm32f10x_md.o(.text)
    SPI1_IRQHandler                          0x0800011b   Thumb Code     0  startup_stm32f10x_md.o(.text)
    SPI2_IRQHandler                          0x0800011b   Thumb Code     0  startup_stm32f10x_md.o(.text)
    TAMPER_IRQHandler                        0x0800011b   Thumb Code     0  startup_stm32f10x_md.o(.text)
    TIM1_BRK_IRQHandler                      0x0800011b   Thumb Code     0  startup_stm32f10x_md.o(.text)
    TIM1_CC_IRQHandler                       0x0800011b   Thumb Code     0  startup_stm32f10x_md.o(.text)
    TIM1_TRG_COM_IRQHandler                  0x0800011b   Thumb Code     0  startup_stm32f10x_md.o(.text)
    TIM2_IRQHandler                          0x0800011b   Thumb Code     0  startup_stm32f10x_md.o(.text)
    TIM4_IRQHandler                          0x0800011b   Thumb Code     0  startup_stm32f10x_md.o(.text)
    USBWakeUp_IRQHandler                     0x0800011b   Thumb Code     0  startup_stm32f10x_md.o(.text)
    USB_HP_CAN1_TX_IRQHandler                0x0800011b   Thumb Code     0  startup_stm32f10x_md.o(.text)
    USB_LP_CAN1_RX0_IRQHandler               0x0800011b   Thumb Code     0  startup_stm32f10x_md.o(.text)
    WWDG_IRQHandler                          0x0800011b   Thumb Code     0  startup_stm32f10x_md.o(.text)
    __aeabi_memset                           0x08000125   Thumb Code    14  memseta.o(.text)
    __aeabi_memset4                          0x08000125   Thumb Code     0  memseta.o(.text)
    __aeabi_memset8                          0x08000125   Thumb Code     0  memseta.o(.text)
    __aeabi_memclr                           0x08000133   Thumb Code     4  memseta.o(.text)
    __aeabi_memclr4                          0x08000133   Thumb Code     0  memseta.o(.text)
    __aeabi_memclr8                          0x08000133   Thumb Code     0  memseta.o(.text)
    _memset$wrapper                          0x08000137   Thumb Code    18  memseta.o(.text)
    strstr                                   0x08000149   Thumb Code    36  strstr.o(.text)
    strlen                                   0x0800016d   Thumb Code    14  strlen.o(.text)
    strcmp                                   0x0800017b   Thumb Code    28  strcmp.o(.text)
    __0sscanf                                0x08000199   Thumb Code    48  __0sscanf.o(.text)
    _scanf_string                            0x080001d1   Thumb Code   224  _scanf_str.o(.text)
    __aeabi_dmul                             0x080002b1   Thumb Code   228  dmul.o(.text)
    __aeabi_ddiv                             0x08000395   Thumb Code   222  ddiv.o(.text)
    __aeabi_ui2d                             0x08000473   Thumb Code    26  dfltui.o(.text)
    __aeabi_d2uiz                            0x0800048d   Thumb Code    50  dfixui.o(.text)
    __aeabi_uidiv                            0x080004bf   Thumb Code     0  uidiv.o(.text)
    __aeabi_uidivmod                         0x080004bf   Thumb Code    44  uidiv.o(.text)
    __aeabi_uldivmod                         0x080004eb   Thumb Code    98  uldiv.o(.text)
    __aeabi_llsr                             0x0800054d   Thumb Code    32  llushr.o(.text)
    _ll_ushift_r                             0x0800054d   Thumb Code     0  llushr.o(.text)
    __vfscanf_char                           0x08000579   Thumb Code    20  scanf_char.o(.text)
    _sgetc                                   0x08000595   Thumb Code    30  _sgetc.o(.text)
    _sbackspace                              0x080005b3   Thumb Code    34  _sgetc.o(.text)
    __I$use$fp                               0x080005d5   Thumb Code     0  iusefp.o(.text)
    _double_round                            0x080005d5   Thumb Code    30  depilogue.o(.text)
    _double_epilogue                         0x080005f3   Thumb Code   156  depilogue.o(.text)
    __aeabi_dadd                             0x0800068f   Thumb Code   322  dadd.o(.text)
    __aeabi_dsub                             0x080007d1   Thumb Code     6  dadd.o(.text)
    __aeabi_drsub                            0x080007d7   Thumb Code     6  dadd.o(.text)
    __aeabi_d2ulz                            0x080007dd   Thumb Code    48  dfixul.o(.text)
    __aeabi_cdrcmple                         0x0800080d   Thumb Code    48  cdrcmple.o(.text)
    __scatterload                            0x0800083d   Thumb Code    28  init.o(.text)
    __scatterload_rt2                        0x0800083d   Thumb Code     0  init.o(.text)
    __aeabi_llsl                             0x08000861   Thumb Code    30  llshl.o(.text)
    _ll_shift_l                              0x08000861   Thumb Code     0  llshl.o(.text)
    __aeabi_lasr                             0x0800087f   Thumb Code    36  llsshr.o(.text)
    _ll_sshift_r                             0x0800087f   Thumb Code     0  llsshr.o(.text)
    isspace                                  0x080008a3   Thumb Code    10  isspace_c.o(.text)
    __vfscanf                                0x080008ad   Thumb Code   808  _scanf.o(.text)
    __ctype_lookup                           0x08000bd9   Thumb Code    34  ctype_c.o(.text)
    __decompress                             0x08000c01   Thumb Code     0  __dczerorl2.o(.text)
    __decompress1                            0x08000c01   Thumb Code    86  __dczerorl2.o(.text)
    ADC_Cmd                                  0x08000c57   Thumb Code    22  stm32f10x_adc.o(i.ADC_Cmd)
    ADC_DeInit                               0x08000c6d   Thumb Code    78  stm32f10x_adc.o(i.ADC_DeInit)
    ADC_GetCalibrationStatus                 0x08000cc9   Thumb Code    20  stm32f10x_adc.o(i.ADC_GetCalibrationStatus)
    ADC_GetConversionValue                   0x08000cdd   Thumb Code     8  stm32f10x_adc.o(i.ADC_GetConversionValue)
    ADC_GetFlagStatus                        0x08000ce5   Thumb Code    18  stm32f10x_adc.o(i.ADC_GetFlagStatus)
    ADC_GetResetCalibrationStatus            0x08000cf7   Thumb Code    20  stm32f10x_adc.o(i.ADC_GetResetCalibrationStatus)
    ADC_Init                                 0x08000d0d   Thumb Code    70  stm32f10x_adc.o(i.ADC_Init)
    ADC_RegularChannelConfig                 0x08000d5d   Thumb Code   184  stm32f10x_adc.o(i.ADC_RegularChannelConfig)
    ADC_ResetCalibration                     0x08000e15   Thumb Code    10  stm32f10x_adc.o(i.ADC_ResetCalibration)
    ADC_SoftwareStartConvCmd                 0x08000e1f   Thumb Code    22  stm32f10x_adc.o(i.ADC_SoftwareStartConvCmd)
    ADC_StartCalibration                     0x08000e35   Thumb Code    10  stm32f10x_adc.o(i.ADC_StartCalibration)
    Adc_Init                                 0x08000e41   Thumb Code   132  water.o(i.Adc_Init)
    BusFault_Handler                         0x08000ecd   Thumb Code     4  stm32f10x_it.o(i.BusFault_Handler)
    Buzzer                                   0x08000ed1   Thumb Code    32  water.o(i.Buzzer)
    Buzzer_Init                              0x08000ef5   Thumb Code    46  water.o(i.Buzzer_Init)
    DELECT_ALLUSERS                          0x08000f29   Thumb Code    76  fingerprint.o(i.DELECT_ALLUSERS)
    DELECT_ONEUSER                           0x08000f9d   Thumb Code   112  fingerprint.o(i.DELECT_ONEUSER)
    DHT11_Check                              0x08001049   Thumb Code    74  dht11.o(i.DHT11_Check)
    DHT11_IO_IN                              0x08001099   Thumb Code    34  dht11.o(i.DHT11_IO_IN)
    DHT11_IO_OUT                             0x080010c1   Thumb Code    40  dht11.o(i.DHT11_IO_OUT)
    DHT11_Init                               0x080010ed   Thumb Code    12  dht11.o(i.DHT11_Init)
    DHT11_Read_Bit                           0x080010f9   Thumb Code    70  dht11.o(i.DHT11_Read_Bit)
    DHT11_Read_Byte                          0x08001145   Thumb Code    30  dht11.o(i.DHT11_Read_Byte)
    DHT11_Read_Data                          0x08001165   Thumb Code   104  dht11.o(i.DHT11_Read_Data)
    DHT11_Rst                                0x080011d5   Thumb Code    34  dht11.o(i.DHT11_Rst)
    DebugMon_Handler                         0x08001201   Thumb Code     2  stm32f10x_it.o(i.DebugMon_Handler)
    Delay_ms                                 0x08001203   Thumb Code    24  delay.o(i.Delay_ms)
    Delay_us                                 0x0800121b   Thumb Code    46  delay.o(i.Delay_us)
    ESP8266_AT_Test                          0x08001249   Thumb Code    52  esp8266.o(i.ESP8266_AT_Test)
    ESP8266_Aliyun                           0x08001289   Thumb Code    20  esp8266.o(i.ESP8266_Aliyun)
    ESP8266_Cmd                              0x080012a1   Thumb Code   156  esp8266.o(i.ESP8266_Cmd)
    ESP8266_Init                             0x08001379   Thumb Code    12  esp8266.o(i.ESP8266_Init)
    ESP8266_JoinAP                           0x08001385   Thumb Code    38  esp8266.o(i.ESP8266_JoinAP)
    ESP8266_Net_Mode_Choose                  0x080013c5   Thumb Code    68  esp8266.o(i.ESP8266_Net_Mode_Choose)
    ESP8266_Rst                              0x0800143d   Thumb Code    28  esp8266.o(i.ESP8266_Rst)
    ESP8266_StaTcpClient                     0x0800145d   Thumb Code   136  esp8266.o(i.ESP8266_StaTcpClient)
    ESP8266_weather                          0x080015ed   Thumb Code   160  esp8266.o(i.ESP8266_weather)
    EXTI15_10_IRQHandler                     0x0800171d   Thumb Code   196  main.o(i.EXTI15_10_IRQHandler)
    EXTI_ClearITPendingBit                   0x080017e9   Thumb Code     6  stm32f10x_exti.o(i.EXTI_ClearITPendingBit)
    EXTI_Init                                0x080017f5   Thumb Code   142  stm32f10x_exti.o(i.EXTI_Init)
    GPIO_EXTILineConfig                      0x08001889   Thumb Code    60  stm32f10x_gpio.o(i.GPIO_EXTILineConfig)
    GPIO_Init                                0x080018c9   Thumb Code   278  stm32f10x_gpio.o(i.GPIO_Init)
    GPIO_PinRemapConfig                      0x080019e1   Thumb Code   138  stm32f10x_gpio.o(i.GPIO_PinRemapConfig)
    GPIO_ReadInputDataBit                    0x08001a71   Thumb Code    18  stm32f10x_gpio.o(i.GPIO_ReadInputDataBit)
    GPIO_ReadOutputDataBit                   0x08001a83   Thumb Code    18  stm32f10x_gpio.o(i.GPIO_ReadOutputDataBit)
    GPIO_ResetBits                           0x08001a95   Thumb Code     4  stm32f10x_gpio.o(i.GPIO_ResetBits)
    GPIO_SetBits                             0x08001a99   Thumb Code     4  stm32f10x_gpio.o(i.GPIO_SetBits)
    GPIO_WriteBit                            0x08001a9d   Thumb Code    10  stm32f10x_gpio.o(i.GPIO_WriteBit)
    GetRxFlag                                0x08001aa9   Thumb Code    22  fingerprint.o(i.GetRxFlag)
    Get_Adc                                  0x08001ac5   Thumb Code    46  water.o(i.Get_Adc)
    Get_Adc_Average                          0x08001af9   Thumb Code    46  water.o(i.Get_Adc_Average)
    Get_AllUsers                             0x08001b29   Thumb Code   100  fingerprint.o(i.Get_AllUsers)
    HardFault_Handler                        0x08001bb1   Thumb Code     4  stm32f10x_it.o(i.HardFault_Handler)
    Key_Init                                 0x08001bb5   Thumb Code   124  key.o(i.Key_Init)
    Key_show                                 0x08001c35   Thumb Code   742  main.o(i.Key_show)
    LCD_Address_Set                          0x08001ffd   Thumb Code    58  lcd.o(i.LCD_Address_Set)
    LCD_DrawPoint                            0x08002037   Thumb Code    28  lcd.o(i.LCD_DrawPoint)
    LCD_Fill                                 0x08002053   Thumb Code    70  lcd.o(i.LCD_Fill)
    LCD_GPIO_Init                            0x08002099   Thumb Code    46  lcd.o(i.LCD_GPIO_Init)
    LCD_Init                                 0x080020cd   Thumb Code   402  lcd.o(i.LCD_Init)
    LCD_ShowChar                             0x08002265   Thumb Code   328  lcd.o(i.LCD_ShowChar)
    LCD_ShowChinese24x24                     0x080023bd   Thumb Code   394  lcd.o(i.LCD_ShowChinese24x24)
    LCD_ShowChinese32x32                     0x0800254d   Thumb Code   394  lcd.o(i.LCD_ShowChinese32x32)
    LCD_ShowIntNum                           0x080026dd   Thumb Code   150  lcd.o(i.LCD_ShowIntNum)
    LCD_ShowPicture                          0x08002773   Thumb Code   102  lcd.o(i.LCD_ShowPicture)
    LCD_ShowString                           0x080027d9   Thumb Code    66  lcd.o(i.LCD_ShowString)
    LCD_WR_DATA                              0x0800281b   Thumb Code    18  lcd.o(i.LCD_WR_DATA)
    LCD_WR_DATA8                             0x0800282d   Thumb Code    12  lcd.o(i.LCD_WR_DATA8)
    LCD_WR_REG                               0x08002839   Thumb Code    28  lcd.o(i.LCD_WR_REG)
    LCD_Writ_Bus                             0x08002859   Thumb Code    62  lcd.o(i.LCD_Writ_Bus)
    LED1_Turn                                0x0800289d   Thumb Code    38  led.o(i.LED1_Turn)
    LED_Init                                 0x080028c9   Thumb Code    48  led.o(i.LED_Init)
    MemManage_Handler                        0x080028fd   Thumb Code     4  stm32f10x_it.o(i.MemManage_Handler)
    NMI_Handler                              0x08002901   Thumb Code     2  stm32f10x_it.o(i.NMI_Handler)
    NVIC_Init                                0x08002929   Thumb Code   100  misc.o(i.NVIC_Init)
    NVIC_PriorityGroupConfig                 0x08002999   Thumb Code    10  misc.o(i.NVIC_PriorityGroupConfig)
    OLED_Clear                               0x080029ad   Thumb Code    42  oled.o(i.OLED_Clear)
    OLED_I2C_Init                            0x080029d9   Thumb Code    72  oled.o(i.OLED_I2C_Init)
    OLED_I2C_SendByte                        0x08002a25   Thumb Code    74  oled.o(i.OLED_I2C_SendByte)
    OLED_I2C_Start                           0x08002a75   Thumb Code    44  oled.o(i.OLED_I2C_Start)
    OLED_I2C_Stop                            0x08002aa5   Thumb Code    34  oled.o(i.OLED_I2C_Stop)
    OLED_Init                                0x08002acd   Thumb Code   174  oled.o(i.OLED_Init)
    OLED_Pow                                 0x08002b7b   Thumb Code    20  oled.o(i.OLED_Pow)
    OLED_SetCursor                           0x08002b8f   Thumb Code    34  oled.o(i.OLED_SetCursor)
    OLED_ShowChar                            0x08002bb1   Thumb Code   110  oled.o(i.OLED_ShowChar)
    OLED_ShowNum                             0x08002c25   Thumb Code    68  oled.o(i.OLED_ShowNum)
    OLED_ShowString                          0x08002c69   Thumb Code    40  oled.o(i.OLED_ShowString)
    OLED_WriteCommand                        0x08002c91   Thumb Code    32  oled.o(i.OLED_WriteCommand)
    OLED_WriteData                           0x08002cb1   Thumb Code    32  oled.o(i.OLED_WriteData)
    PWM_Init                                 0x08002cd1   Thumb Code   172  pwm.o(i.PWM_Init)
    PendSV_Handler                           0x08002d89   Thumb Code     2  stm32f10x_it.o(i.PendSV_Handler)
    RCC_ADCCLKConfig                         0x08002d8d   Thumb Code    18  stm32f10x_rcc.o(i.RCC_ADCCLKConfig)
    RCC_APB1PeriphClockCmd                   0x08002da5   Thumb Code    26  stm32f10x_rcc.o(i.RCC_APB1PeriphClockCmd)
    RCC_APB2PeriphClockCmd                   0x08002dc5   Thumb Code    26  stm32f10x_rcc.o(i.RCC_APB2PeriphClockCmd)
    RCC_APB2PeriphResetCmd                   0x08002de5   Thumb Code    26  stm32f10x_rcc.o(i.RCC_APB2PeriphResetCmd)
    RCC_GetClocksFreq                        0x08002e05   Thumb Code   192  stm32f10x_rcc.o(i.RCC_GetClocksFreq)
    REGISTER_USER                            0x08002ed9   Thumb Code   330  fingerprint.o(i.REGISTER_USER)
    Relay_Init                               0x08003081   Thumb Code    38  relay.o(i.Relay_Init)
    SVC_Handler                              0x080030ad   Thumb Code     2  stm32f10x_it.o(i.SVC_Handler)
    Serial_Init                              0x080030b1   Thumb Code   174  serial.o(i.Serial_Init)
    Serial_SendByte                          0x08003169   Thumb Code    28  serial.o(i.Serial_SendByte)
    SysTick_Handler                          0x08003271   Thumb Code     2  stm32f10x_it.o(i.SysTick_Handler)
    SystemInit                               0x08003275   Thumb Code    78  system_stm32f10x.o(i.SystemInit)
    TIM1_UP_IRQHandler                       0x080032d5   Thumb Code   212  main.o(i.TIM1_UP_IRQHandler)
    TIM3_IRQHandler                          0x080033d5   Thumb Code    66  main.o(i.TIM3_IRQHandler)
    TIM3_Init                                0x08003429   Thumb Code   122  tim3.o(i.TIM3_Init)
    TIM_ClearFlag                            0x080034a9   Thumb Code     6  stm32f10x_tim.o(i.TIM_ClearFlag)
    TIM_ClearITPendingBit                    0x080034af   Thumb Code     6  stm32f10x_tim.o(i.TIM_ClearITPendingBit)
    TIM_Cmd                                  0x080034b5   Thumb Code    24  stm32f10x_tim.o(i.TIM_Cmd)
    TIM_GetITStatus                          0x080034cd   Thumb Code    34  stm32f10x_tim.o(i.TIM_GetITStatus)
    TIM_ITConfig                             0x080034ef   Thumb Code    18  stm32f10x_tim.o(i.TIM_ITConfig)
    TIM_InternalClockConfig                  0x08003501   Thumb Code    12  stm32f10x_tim.o(i.TIM_InternalClockConfig)
    TIM_OC1Init                              0x0800350d   Thumb Code   132  stm32f10x_tim.o(i.TIM_OC1Init)
    TIM_OCStructInit                         0x080035a5   Thumb Code    20  stm32f10x_tim.o(i.TIM_OCStructInit)
    TIM_TimeBaseInit                         0x080035b9   Thumb Code   122  stm32f10x_tim.o(i.TIM_TimeBaseInit)
    TW_show                                  0x0800365d   Thumb Code   384  main.o(i.TW_show)
    Timer_Init                               0x080038a9   Thumb Code   120  timer.o(i.Timer_Init)
    USART1_IRQHandler                        0x08003925   Thumb Code    80  serial.o(i.USART1_IRQHandler)
    USART2_IRQHandler                        0x08003985   Thumb Code   134  esp8266.o(i.USART2_IRQHandler)
    USART3_IRQHandler                        0x08003a25   Thumb Code   128  fingerprint.o(i.USART3_IRQHandler)
    USART_ClearITPendingBit                  0x08003ab9   Thumb Code    30  stm32f10x_usart.o(i.USART_ClearITPendingBit)
    USART_Cmd                                0x08003ad7   Thumb Code    24  stm32f10x_usart.o(i.USART_Cmd)
    USART_Config                             0x08003af1   Thumb Code   136  fingerprint.o(i.USART_Config)
    USART_GetFlagStatus                      0x08003b81   Thumb Code    26  stm32f10x_usart.o(i.USART_GetFlagStatus)
    USART_GetITStatus                        0x08003b9b   Thumb Code    84  stm32f10x_usart.o(i.USART_GetITStatus)
    USART_ITConfig                           0x08003bef   Thumb Code    74  stm32f10x_usart.o(i.USART_ITConfig)
    USART_Init                               0x08003c39   Thumb Code   210  stm32f10x_usart.o(i.USART_Init)
    USART_ReceiveData                        0x08003d11   Thumb Code    10  stm32f10x_usart.o(i.USART_ReceiveData)
    USART_SendData                           0x08003d1b   Thumb Code     8  stm32f10x_usart.o(i.USART_SendData)
    USART_printf                             0x08003d23   Thumb Code   262  common.o(i.USART_printf)
    UsageFault_Handler                       0x08003e29   Thumb Code     4  stm32f10x_it.o(i.UsageFault_Handler)
    Usart_SendByte                           0x08003e2d   Thumb Code    28  fingerprint.o(i.Usart_SendByte)
    Usart_SendHalfWord                       0x08003e4d   Thumb Code    22  fingerprint.o(i.Usart_SendHalfWord)
    __0printf                                0x08003e65   Thumb Code    22  printfa.o(i.__0printf)
    __1printf                                0x08003e65   Thumb Code     0  printfa.o(i.__0printf)
    __2printf                                0x08003e65   Thumb Code     0  printfa.o(i.__0printf)
    __c89printf                              0x08003e65   Thumb Code     0  printfa.o(i.__0printf)
    printf                                   0x08003e65   Thumb Code     0  printfa.o(i.__0printf)
    __0snprintf                              0x08003e85   Thumb Code    44  printfa.o(i.__0snprintf)
    __1snprintf                              0x08003e85   Thumb Code     0  printfa.o(i.__0snprintf)
    __2snprintf                              0x08003e85   Thumb Code     0  printfa.o(i.__0snprintf)
    __c89snprintf                            0x08003e85   Thumb Code     0  printfa.o(i.__0snprintf)
    snprintf                                 0x08003e85   Thumb Code     0  printfa.o(i.__0snprintf)
    __0sprintf                               0x08003eb5   Thumb Code    34  printfa.o(i.__0sprintf)
    __1sprintf                               0x08003eb5   Thumb Code     0  printfa.o(i.__0sprintf)
    __2sprintf                               0x08003eb5   Thumb Code     0  printfa.o(i.__0sprintf)
    __c89sprintf                             0x08003eb5   Thumb Code     0  printfa.o(i.__0sprintf)
    sprintf                                  0x08003eb5   Thumb Code     0  printfa.o(i.__0sprintf)
    __scatterload_copy                       0x08003edd   Thumb Code    14  handlers.o(i.__scatterload_copy)
    __scatterload_null                       0x08003eeb   Thumb Code     2  handlers.o(i.__scatterload_null)
    __scatterload_zeroinit                   0x08003eed   Thumb Code    14  handlers.o(i.__scatterload_zeroinit)
    calculateChecksum                        0x080047cf   Thumb Code    24  fingerprint.o(i.calculateChecksum)
    create_mqtt_all_command                  0x080047e9   Thumb Code    36  esp8266.o(i.create_mqtt_all_command)
    create_mqtt_jsqswitch_command            0x08004811   Thumb Code    22  esp8266.o(i.create_mqtt_jsqswitch_command)
    create_mqtt_ledswitch_command            0x0800482d   Thumb Code    22  esp8266.o(i.create_mqtt_ledswitch_command)
    create_mqtt_pub_command                  0x08004849   Thumb Code    26  esp8266.o(i.create_mqtt_pub_command)
    create_mqtt_warningflag_command          0x08004869   Thumb Code    22  esp8266.o(i.create_mqtt_warningflag_command)
    create_mqtt_waterlevel_command           0x08004885   Thumb Code    22  esp8266.o(i.create_mqtt_waterlevel_command)
    extract_data                             0x080048a1   Thumb Code   340  esp8266.o(i.extract_data)
    extract_mqtt_flags                       0x08004a39   Thumb Code   136  esp8266.o(i.extract_mqtt_flags)
    fputc                                    0x08004b0d   Thumb Code    16  serial.o(i.fputc)
    get_number_length_sprintf                0x08004b1d   Thumb Code    24  main.o(i.get_number_length_sprintf)
    humidityandtemperature_Check             0x08004b39   Thumb Code    30  dht11.o(i.humidityandtemperature_Check)
    main                                     0x08004bc5   Thumb Code  1266  main.o(i.main)
    match_fingerprint                        0x080050c1   Thumb Code   136  fingerprint.o(i.match_fingerprint)
    mypow                                    0x08005185   Thumb Code    22  lcd.o(i.mypow)
    relay_off1                               0x0800519d   Thumb Code    12  relay.o(i.relay_off1)
    relay_off2                               0x080051ad   Thumb Code    12  relay.o(i.relay_off2)
    relay_on1                                0x080051bd   Thumb Code    12  relay.o(i.relay_on1)
    relay_on2                                0x080051cd   Thumb Code    12  relay.o(i.relay_on2)
    water_leavel_Check                       0x080051dd   Thumb Code    18  water.o(i.water_leavel_Check)
    OLED_F8x16                               0x080051f4   Data        1520  oled.o(.constdata)
    ascii_1206                               0x080057e4   Data        1140  lcd.o(.constdata)
    ascii_1608                               0x08005c58   Data        1520  lcd.o(.constdata)
    ascii_2412                               0x08006248   Data        4560  lcd.o(.constdata)
    ascii_3216                               0x08007418   Data        6080  lcd.o(.constdata)
    tfont12                                  0x08008bd8   Data         108  lcd.o(.constdata)
    tfont16                                  0x08008c44   Data         210  lcd.o(.constdata)
    tfont24                                  0x08008d16   Data        3450  lcd.o(.constdata)
    tfont32                                  0x08009a90   Data         786  lcd.o(.constdata)
    gImage_1                                 0x08009da2   Data        3200  main.o(.constdata)
    gImage_PIC                               0x0800aa22   Data       20000  main.o(.constdata)
    __ctype_categories                       0x0800f842   Data          64  ctype_c.o(.constdata)
    Region$$Table$$Base                      0x0800fc24   Number         0  anon$$obj.o(Region$$Table)
    Region$$Table$$Limit                     0x0800fc44   Number         0  anon$$obj.o(Region$$Table)
    Serial_RxFlag                            0x20000014   Data           1  serial.o(.data)
    ucTcpClosedFlag                          0x20000016   Data           1  esp8266.o(.data)
    RxFlag                                   0x20000145   Data           1  fingerprint.o(.data)
    max_temperature                          0x20000149   Data           1  dht11.o(.data)
    min_humidity                             0x2000014a   Data           1  dht11.o(.data)
    current_temperature                      0x2000014b   Data           1  dht11.o(.data)
    current_humidity                         0x2000014c   Data           1  dht11.o(.data)
    min_water_leavel                         0x2000014d   Data           1  water.o(.data)
    hanzi6                                   0x20000178   Data          19  main.o(.data)
    hanzi0                                   0x2000018b   Data           7  main.o(.data)
    time                                     0x20000192   Data          11  main.o(.data)
    hanzi1                                   0x2000019d   Data           7  main.o(.data)
    place                                    0x200001a4   Data           7  main.o(.data)
    hanzi2                                   0x200001ab   Data           7  main.o(.data)
    weather                                  0x200001b2   Data           7  main.o(.data)
    hanzi3                                   0x200001b9   Data           7  main.o(.data)
    temp                                     0x200001c0   Data           3  main.o(.data)
    hanzi4                                   0x200001c3   Data           7  main.o(.data)
    hum                                      0x200001ca   Data           3  main.o(.data)
    hanzi5                                   0x200001cd   Data           7  main.o(.data)
    water                                    0x200001d4   Data           3  main.o(.data)
    KeyNum                                   0x200001d7   Data           1  main.o(.data)
    KeyFlag                                  0x200001d8   Data           1  main.o(.data)
    UserNum                                  0x200001d9   Data           1  main.o(.data)
    UserFlag                                 0x200001da   Data           1  main.o(.data)
    temperature                              0x200001db   Data           1  main.o(.data)
    humidity                                 0x200001dc   Data           1  main.o(.data)
    reflag                                   0x200001dd   Data           1  main.o(.data)
    waterlevel                               0x200001de   Data           1  main.o(.data)
    water_data                               0x200001e0   Data           8  main.o(.data)
    jsq_switch                               0x200001e8   Data           1  main.o(.data)
    LED_switch                               0x200001e9   Data           1  main.o(.data)
    update_flag                              0x200001ea   Data           1  main.o(.data)
    Num                                      0x200001eb   Data           1  main.o(.data)
    warning_leavel                           0x200001ec   Data           1  main.o(.data)
    warning_reflag                           0x200001ed   Data           1  main.o(.data)
    __stdout                                 0x200001f0   Data           4  stdout.o(.data)
    Serial_RxPacket                          0x200001f4   Data         100  serial.o(.bss)
    cStr                                     0x20000258   Data        1500  esp8266.o(.bss)
    strEsp8266_Fram_Record                   0x20000834   Data        1026  esp8266.o(.bss)
    RxPacket                                 0x20000c36   Data         100  fingerprint.o(.bss)
    data                                     0x20000c9a   Data         255  main.o(.bss)
    __initial_sp                             0x200011a0   Data           0  startup_stm32f10x_md.o(STACK)



==============================================================================

Memory Map of the image

  Image Entry point : 0x080000ed

  Load Region LR_IROM1 (Base: 0x08000000, Size: 0x0000fe38, Max: 0x00010000, ABSOLUTE, COMPRESSED[0x0000fda8])

    Execution Region ER_IROM1 (Exec base: 0x08000000, Load base: 0x08000000, Size: 0x0000fc44, Max: 0x00010000, ABSOLUTE)

    Exec Addr    Load Addr    Size         Type   Attr      Idx    E Section Name        Object

    0x08000000   0x08000000   0x000000ec   Data   RO            3    RESET               startup_stm32f10x_md.o
    0x080000ec   0x080000ec   0x00000000   Code   RO         4436  * .ARM.Collect$$$$00000000  mc_w.l(entry.o)
    0x080000ec   0x080000ec   0x00000004   Code   RO         4724    .ARM.Collect$$$$00000001  mc_w.l(entry2.o)
    0x080000f0   0x080000f0   0x00000004   Code   RO         4727    .ARM.Collect$$$$00000004  mc_w.l(entry5.o)
    0x080000f4   0x080000f4   0x00000000   Code   RO         4729    .ARM.Collect$$$$00000008  mc_w.l(entry7b.o)
    0x080000f4   0x080000f4   0x00000000   Code   RO         4731    .ARM.Collect$$$$0000000A  mc_w.l(entry8b.o)
    0x080000f4   0x080000f4   0x00000008   Code   RO         4732    .ARM.Collect$$$$0000000B  mc_w.l(entry9a.o)
    0x080000fc   0x080000fc   0x00000000   Code   RO         4734    .ARM.Collect$$$$0000000D  mc_w.l(entry10a.o)
    0x080000fc   0x080000fc   0x00000000   Code   RO         4736    .ARM.Collect$$$$0000000F  mc_w.l(entry11a.o)
    0x080000fc   0x080000fc   0x00000004   Code   RO         4725    .ARM.Collect$$$$00002712  mc_w.l(entry2.o)
    0x08000100   0x08000100   0x00000024   Code   RO            4    .text               startup_stm32f10x_md.o
    0x08000124   0x08000124   0x00000024   Code   RO         4439    .text               mc_w.l(memseta.o)
    0x08000148   0x08000148   0x00000024   Code   RO         4441    .text               mc_w.l(strstr.o)
    0x0800016c   0x0800016c   0x0000000e   Code   RO         4443    .text               mc_w.l(strlen.o)
    0x0800017a   0x0800017a   0x0000001c   Code   RO         4445    .text               mc_w.l(strcmp.o)
    0x08000196   0x08000196   0x00000002   PAD
    0x08000198   0x08000198   0x00000038   Code   RO         4708    .text               mc_w.l(__0sscanf.o)
    0x080001d0   0x080001d0   0x000000e0   Code   RO         4710    .text               mc_w.l(_scanf_str.o)
    0x080002b0   0x080002b0   0x000000e4   Code   RO         4714    .text               mf_w.l(dmul.o)
    0x08000394   0x08000394   0x000000de   Code   RO         4716    .text               mf_w.l(ddiv.o)
    0x08000472   0x08000472   0x0000001a   Code   RO         4718    .text               mf_w.l(dfltui.o)
    0x0800048c   0x0800048c   0x00000032   Code   RO         4722    .text               mf_w.l(dfixui.o)
    0x080004be   0x080004be   0x0000002c   Code   RO         4739    .text               mc_w.l(uidiv.o)
    0x080004ea   0x080004ea   0x00000062   Code   RO         4741    .text               mc_w.l(uldiv.o)
    0x0800054c   0x0800054c   0x00000020   Code   RO         4743    .text               mc_w.l(llushr.o)
    0x0800056c   0x0800056c   0x00000028   Code   RO         4745    .text               mc_w.l(scanf_char.o)
    0x08000594   0x08000594   0x00000040   Code   RO         4747    .text               mc_w.l(_sgetc.o)
    0x080005d4   0x080005d4   0x00000000   Code   RO         4749    .text               mc_w.l(iusefp.o)
    0x080005d4   0x080005d4   0x000000ba   Code   RO         4750    .text               mf_w.l(depilogue.o)
    0x0800068e   0x0800068e   0x0000014e   Code   RO         4752    .text               mf_w.l(dadd.o)
    0x080007dc   0x080007dc   0x00000030   Code   RO         4754    .text               mf_w.l(dfixul.o)
    0x0800080c   0x0800080c   0x00000030   Code   RO         4756    .text               mf_w.l(cdrcmple.o)
    0x0800083c   0x0800083c   0x00000024   Code   RO         4758    .text               mc_w.l(init.o)
    0x08000860   0x08000860   0x0000001e   Code   RO         4760    .text               mc_w.l(llshl.o)
    0x0800087e   0x0800087e   0x00000024   Code   RO         4762    .text               mc_w.l(llsshr.o)
    0x080008a2   0x080008a2   0x0000000a   Code   RO         4764    .text               mc_w.l(isspace_c.o)
    0x080008ac   0x080008ac   0x0000032c   Code   RO         4766    .text               mc_w.l(_scanf.o)
    0x08000bd8   0x08000bd8   0x00000028   Code   RO         4768    .text               mc_w.l(ctype_c.o)
    0x08000c00   0x08000c00   0x00000056   Code   RO         4779    .text               mc_w.l(__dczerorl2.o)
    0x08000c56   0x08000c56   0x00000016   Code   RO          202    i.ADC_Cmd           stm32f10x_adc.o
    0x08000c6c   0x08000c6c   0x0000005c   Code   RO          204    i.ADC_DeInit        stm32f10x_adc.o
    0x08000cc8   0x08000cc8   0x00000014   Code   RO          210    i.ADC_GetCalibrationStatus  stm32f10x_adc.o
    0x08000cdc   0x08000cdc   0x00000008   Code   RO          211    i.ADC_GetConversionValue  stm32f10x_adc.o
    0x08000ce4   0x08000ce4   0x00000012   Code   RO          213    i.ADC_GetFlagStatus  stm32f10x_adc.o
    0x08000cf6   0x08000cf6   0x00000014   Code   RO          216    i.ADC_GetResetCalibrationStatus  stm32f10x_adc.o
    0x08000d0a   0x08000d0a   0x00000002   PAD
    0x08000d0c   0x08000d0c   0x00000050   Code   RO          220    i.ADC_Init          stm32f10x_adc.o
    0x08000d5c   0x08000d5c   0x000000b8   Code   RO          224    i.ADC_RegularChannelConfig  stm32f10x_adc.o
    0x08000e14   0x08000e14   0x0000000a   Code   RO          225    i.ADC_ResetCalibration  stm32f10x_adc.o
    0x08000e1e   0x08000e1e   0x00000016   Code   RO          227    i.ADC_SoftwareStartConvCmd  stm32f10x_adc.o
    0x08000e34   0x08000e34   0x0000000a   Code   RO          229    i.ADC_StartCalibration  stm32f10x_adc.o
    0x08000e3e   0x08000e3e   0x00000002   PAD
    0x08000e40   0x08000e40   0x0000008c   Code   RO         4115    i.Adc_Init          water.o
    0x08000ecc   0x08000ecc   0x00000004   Code   RO         4184    i.BusFault_Handler  stm32f10x_it.o
    0x08000ed0   0x08000ed0   0x00000024   Code   RO         4116    i.Buzzer            water.o
    0x08000ef4   0x08000ef4   0x00000034   Code   RO         4117    i.Buzzer_Init       water.o
    0x08000f28   0x08000f28   0x00000074   Code   RO         3904    i.DELECT_ALLUSERS   fingerprint.o
    0x08000f9c   0x08000f9c   0x000000ac   Code   RO         3905    i.DELECT_ONEUSER    fingerprint.o
    0x08001048   0x08001048   0x00000050   Code   RO         3998    i.DHT11_Check       dht11.o
    0x08001098   0x08001098   0x00000028   Code   RO         3999    i.DHT11_IO_IN       dht11.o
    0x080010c0   0x080010c0   0x0000002c   Code   RO         4000    i.DHT11_IO_OUT      dht11.o
    0x080010ec   0x080010ec   0x0000000c   Code   RO         4001    i.DHT11_Init        dht11.o
    0x080010f8   0x080010f8   0x0000004c   Code   RO         4002    i.DHT11_Read_Bit    dht11.o
    0x08001144   0x08001144   0x0000001e   Code   RO         4003    i.DHT11_Read_Byte   dht11.o
    0x08001162   0x08001162   0x00000002   PAD
    0x08001164   0x08001164   0x00000070   Code   RO         4004    i.DHT11_Read_Data   dht11.o
    0x080011d4   0x080011d4   0x0000002c   Code   RO         4005    i.DHT11_Rst         dht11.o
    0x08001200   0x08001200   0x00000002   Code   RO         4185    i.DebugMon_Handler  stm32f10x_it.o
    0x08001202   0x08001202   0x00000018   Code   RO         3196    i.Delay_ms          delay.o
    0x0800121a   0x0800121a   0x0000002e   Code   RO         3198    i.Delay_us          delay.o
    0x08001248   0x08001248   0x00000040   Code   RO         3690    i.ESP8266_AT_Test   esp8266.o
    0x08001288   0x08001288   0x00000018   Code   RO         3691    i.ESP8266_Aliyun    esp8266.o
    0x080012a0   0x080012a0   0x000000ac   Code   RO         3693    i.ESP8266_Cmd       esp8266.o
    0x0800134c   0x0800134c   0x0000002c   Code   RO         3696    i.ESP8266_GPIO_Config  esp8266.o
    0x08001378   0x08001378   0x0000000c   Code   RO         3699    i.ESP8266_Init      esp8266.o
    0x08001384   0x08001384   0x00000040   Code   RO         3701    i.ESP8266_JoinAP    esp8266.o
    0x080013c4   0x080013c4   0x00000078   Code   RO         3703    i.ESP8266_Net_Mode_Choose  esp8266.o
    0x0800143c   0x0800143c   0x00000020   Code   RO         3705    i.ESP8266_Rst       esp8266.o
    0x0800145c   0x0800145c   0x000000cc   Code   RO         3707    i.ESP8266_StaTcpClient  esp8266.o
    0x08001528   0x08001528   0x00000098   Code   RO         3709    i.ESP8266_USART_Config  esp8266.o
    0x080015c0   0x080015c0   0x0000002a   Code   RO         3710    i.ESP8266_USART_NVIC_Configuration  esp8266.o
    0x080015ea   0x080015ea   0x00000002   PAD
    0x080015ec   0x080015ec   0x00000130   Code   RO         3711    i.ESP8266_weather   esp8266.o
    0x0800171c   0x0800171c   0x000000cc   Code   RO         4247    i.EXTI15_10_IRQHandler  main.o
    0x080017e8   0x080017e8   0x0000000c   Code   RO          985    i.EXTI_ClearITPendingBit  stm32f10x_exti.o
    0x080017f4   0x080017f4   0x00000094   Code   RO          990    i.EXTI_Init         stm32f10x_exti.o
    0x08001888   0x08001888   0x00000040   Code   RO         1344    i.GPIO_EXTILineConfig  stm32f10x_gpio.o
    0x080018c8   0x080018c8   0x00000116   Code   RO         1347    i.GPIO_Init         stm32f10x_gpio.o
    0x080019de   0x080019de   0x00000002   PAD
    0x080019e0   0x080019e0   0x00000090   Code   RO         1349    i.GPIO_PinRemapConfig  stm32f10x_gpio.o
    0x08001a70   0x08001a70   0x00000012   Code   RO         1351    i.GPIO_ReadInputDataBit  stm32f10x_gpio.o
    0x08001a82   0x08001a82   0x00000012   Code   RO         1353    i.GPIO_ReadOutputDataBit  stm32f10x_gpio.o
    0x08001a94   0x08001a94   0x00000004   Code   RO         1354    i.GPIO_ResetBits    stm32f10x_gpio.o
    0x08001a98   0x08001a98   0x00000004   Code   RO         1355    i.GPIO_SetBits      stm32f10x_gpio.o
    0x08001a9c   0x08001a9c   0x0000000a   Code   RO         1358    i.GPIO_WriteBit     stm32f10x_gpio.o
    0x08001aa6   0x08001aa6   0x00000002   PAD
    0x08001aa8   0x08001aa8   0x0000001c   Code   RO         3906    i.GetRxFlag         fingerprint.o
    0x08001ac4   0x08001ac4   0x00000034   Code   RO         4118    i.Get_Adc           water.o
    0x08001af8   0x08001af8   0x0000002e   Code   RO         4119    i.Get_Adc_Average   water.o
    0x08001b26   0x08001b26   0x00000002   PAD
    0x08001b28   0x08001b28   0x00000088   Code   RO         3907    i.Get_AllUsers      fingerprint.o
    0x08001bb0   0x08001bb0   0x00000004   Code   RO         4186    i.HardFault_Handler  stm32f10x_it.o
    0x08001bb4   0x08001bb4   0x00000080   Code   RO         3305    i.Key_Init          key.o
    0x08001c34   0x08001c34   0x000003c8   Code   RO         4248    i.Key_show          main.o
    0x08001ffc   0x08001ffc   0x0000003a   Code   RO         3500    i.LCD_Address_Set   lcd.o
    0x08002036   0x08002036   0x0000001c   Code   RO         3502    i.LCD_DrawPoint     lcd.o
    0x08002052   0x08002052   0x00000046   Code   RO         3504    i.LCD_Fill          lcd.o
    0x08002098   0x08002098   0x00000034   Code   RO         3505    i.LCD_GPIO_Init     lcd.o
    0x080020cc   0x080020cc   0x00000198   Code   RO         3506    i.LCD_Init          lcd.o
    0x08002264   0x08002264   0x00000158   Code   RO         3507    i.LCD_ShowChar      lcd.o
    0x080023bc   0x080023bc   0x00000190   Code   RO         3511    i.LCD_ShowChinese24x24  lcd.o
    0x0800254c   0x0800254c   0x00000190   Code   RO         3512    i.LCD_ShowChinese32x32  lcd.o
    0x080026dc   0x080026dc   0x00000096   Code   RO         3514    i.LCD_ShowIntNum    lcd.o
    0x08002772   0x08002772   0x00000066   Code   RO         3515    i.LCD_ShowPicture   lcd.o
    0x080027d8   0x080027d8   0x00000042   Code   RO         3516    i.LCD_ShowString    lcd.o
    0x0800281a   0x0800281a   0x00000012   Code   RO         3517    i.LCD_WR_DATA       lcd.o
    0x0800282c   0x0800282c   0x0000000c   Code   RO         3518    i.LCD_WR_DATA8      lcd.o
    0x08002838   0x08002838   0x00000020   Code   RO         3519    i.LCD_WR_REG        lcd.o
    0x08002858   0x08002858   0x00000044   Code   RO         3520    i.LCD_Writ_Bus      lcd.o
    0x0800289c   0x0800289c   0x0000002c   Code   RO         3277    i.LED1_Turn         led.o
    0x080028c8   0x080028c8   0x00000034   Code   RO         3278    i.LED_Init          led.o
    0x080028fc   0x080028fc   0x00000004   Code   RO         4187    i.MemManage_Handler  stm32f10x_it.o
    0x08002900   0x08002900   0x00000002   Code   RO         4188    i.NMI_Handler       stm32f10x_it.o
    0x08002902   0x08002902   0x00000026   Code   RO         3908    i.NVIC_Configuration  fingerprint.o
    0x08002928   0x08002928   0x00000070   Code   RO          137    i.NVIC_Init         misc.o
    0x08002998   0x08002998   0x00000014   Code   RO          138    i.NVIC_PriorityGroupConfig  misc.o
    0x080029ac   0x080029ac   0x0000002a   Code   RO         3320    i.OLED_Clear        oled.o
    0x080029d6   0x080029d6   0x00000002   PAD
    0x080029d8   0x080029d8   0x0000004c   Code   RO         3321    i.OLED_I2C_Init     oled.o
    0x08002a24   0x08002a24   0x00000050   Code   RO         3322    i.OLED_I2C_SendByte  oled.o
    0x08002a74   0x08002a74   0x00000030   Code   RO         3323    i.OLED_I2C_Start    oled.o
    0x08002aa4   0x08002aa4   0x00000028   Code   RO         3324    i.OLED_I2C_Stop     oled.o
    0x08002acc   0x08002acc   0x000000ae   Code   RO         3325    i.OLED_Init         oled.o
    0x08002b7a   0x08002b7a   0x00000014   Code   RO         3326    i.OLED_Pow          oled.o
    0x08002b8e   0x08002b8e   0x00000022   Code   RO         3327    i.OLED_SetCursor    oled.o
    0x08002bb0   0x08002bb0   0x00000074   Code   RO         3329    i.OLED_ShowChar     oled.o
    0x08002c24   0x08002c24   0x00000044   Code   RO         3331    i.OLED_ShowNum      oled.o
    0x08002c68   0x08002c68   0x00000028   Code   RO         3333    i.OLED_ShowString   oled.o
    0x08002c90   0x08002c90   0x00000020   Code   RO         3334    i.OLED_WriteCommand  oled.o
    0x08002cb0   0x08002cb0   0x00000020   Code   RO         3335    i.OLED_WriteData    oled.o
    0x08002cd0   0x08002cd0   0x000000b8   Code   RO         4166    i.PWM_Init          pwm.o
    0x08002d88   0x08002d88   0x00000002   Code   RO         4189    i.PendSV_Handler    stm32f10x_it.o
    0x08002d8a   0x08002d8a   0x00000002   PAD
    0x08002d8c   0x08002d8c   0x00000018   Code   RO         1773    i.RCC_ADCCLKConfig  stm32f10x_rcc.o
    0x08002da4   0x08002da4   0x00000020   Code   RO         1775    i.RCC_APB1PeriphClockCmd  stm32f10x_rcc.o
    0x08002dc4   0x08002dc4   0x00000020   Code   RO         1777    i.RCC_APB2PeriphClockCmd  stm32f10x_rcc.o
    0x08002de4   0x08002de4   0x00000020   Code   RO         1778    i.RCC_APB2PeriphResetCmd  stm32f10x_rcc.o
    0x08002e04   0x08002e04   0x000000d4   Code   RO         1785    i.RCC_GetClocksFreq  stm32f10x_rcc.o
    0x08002ed8   0x08002ed8   0x000001a8   Code   RO         3909    i.REGISTER_USER     fingerprint.o
    0x08003080   0x08003080   0x0000002c   Code   RO         4076    i.Relay_Init        relay.o
    0x080030ac   0x080030ac   0x00000002   Code   RO         4190    i.SVC_Handler       stm32f10x_it.o
    0x080030ae   0x080030ae   0x00000002   PAD
    0x080030b0   0x080030b0   0x000000b8   Code   RO         3428    i.Serial_Init       serial.o
    0x08003168   0x08003168   0x00000020   Code   RO         3432    i.Serial_SendByte   serial.o
    0x08003188   0x08003188   0x00000008   Code   RO           24    i.SetSysClock       system_stm32f10x.o
    0x08003190   0x08003190   0x000000e0   Code   RO           25    i.SetSysClockTo72   system_stm32f10x.o
    0x08003270   0x08003270   0x00000002   Code   RO         4191    i.SysTick_Handler   stm32f10x_it.o
    0x08003272   0x08003272   0x00000002   PAD
    0x08003274   0x08003274   0x00000060   Code   RO           27    i.SystemInit        system_stm32f10x.o
    0x080032d4   0x080032d4   0x00000100   Code   RO         4249    i.TIM1_UP_IRQHandler  main.o
    0x080033d4   0x080033d4   0x00000054   Code   RO         4250    i.TIM3_IRQHandler   main.o
    0x08003428   0x08003428   0x00000080   Code   RO         3263    i.TIM3_Init         tim3.o
    0x080034a8   0x080034a8   0x00000006   Code   RO         2415    i.TIM_ClearFlag     stm32f10x_tim.o
    0x080034ae   0x080034ae   0x00000006   Code   RO         2416    i.TIM_ClearITPendingBit  stm32f10x_tim.o
    0x080034b4   0x080034b4   0x00000018   Code   RO         2421    i.TIM_Cmd           stm32f10x_tim.o
    0x080034cc   0x080034cc   0x00000022   Code   RO         2442    i.TIM_GetITStatus   stm32f10x_tim.o
    0x080034ee   0x080034ee   0x00000012   Code   RO         2446    i.TIM_ITConfig      stm32f10x_tim.o
    0x08003500   0x08003500   0x0000000c   Code   RO         2448    i.TIM_InternalClockConfig  stm32f10x_tim.o
    0x0800350c   0x0800350c   0x00000098   Code   RO         2450    i.TIM_OC1Init       stm32f10x_tim.o
    0x080035a4   0x080035a4   0x00000014   Code   RO         2468    i.TIM_OCStructInit  stm32f10x_tim.o
    0x080035b8   0x080035b8   0x000000a4   Code   RO         2492    i.TIM_TimeBaseInit  stm32f10x_tim.o
    0x0800365c   0x0800365c   0x0000024c   Code   RO         4251    i.TW_show           main.o
    0x080038a8   0x080038a8   0x0000007c   Code   RO         3251    i.Timer_Init        timer.o
    0x08003924   0x08003924   0x00000060   Code   RO         3435    i.USART1_IRQHandler  serial.o
    0x08003984   0x08003984   0x000000a0   Code   RO         3712    i.USART2_IRQHandler  esp8266.o
    0x08003a24   0x08003a24   0x00000094   Code   RO         3910    i.USART3_IRQHandler  fingerprint.o
    0x08003ab8   0x08003ab8   0x0000001e   Code   RO         2957    i.USART_ClearITPendingBit  stm32f10x_usart.o
    0x08003ad6   0x08003ad6   0x00000018   Code   RO         2960    i.USART_Cmd         stm32f10x_usart.o
    0x08003aee   0x08003aee   0x00000002   PAD
    0x08003af0   0x08003af0   0x00000090   Code   RO         3911    i.USART_Config      fingerprint.o
    0x08003b80   0x08003b80   0x0000001a   Code   RO         2963    i.USART_GetFlagStatus  stm32f10x_usart.o
    0x08003b9a   0x08003b9a   0x00000054   Code   RO         2964    i.USART_GetITStatus  stm32f10x_usart.o
    0x08003bee   0x08003bee   0x0000004a   Code   RO         2966    i.USART_ITConfig    stm32f10x_usart.o
    0x08003c38   0x08003c38   0x000000d8   Code   RO         2967    i.USART_Init        stm32f10x_usart.o
    0x08003d10   0x08003d10   0x0000000a   Code   RO         2974    i.USART_ReceiveData  stm32f10x_usart.o
    0x08003d1a   0x08003d1a   0x00000008   Code   RO         2977    i.USART_SendData    stm32f10x_usart.o
    0x08003d22   0x08003d22   0x00000106   Code   RO         3670    i.USART_printf      common.o
    0x08003e28   0x08003e28   0x00000004   Code   RO         4192    i.UsageFault_Handler  stm32f10x_it.o
    0x08003e2c   0x08003e2c   0x00000020   Code   RO         3912    i.Usart_SendByte    fingerprint.o
    0x08003e4c   0x08003e4c   0x00000016   Code   RO         3913    i.Usart_SendHalfWord  fingerprint.o
    0x08003e62   0x08003e62   0x00000002   PAD
    0x08003e64   0x08003e64   0x00000020   Code   RO         4680    i.__0printf         mc_w.l(printfa.o)
    0x08003e84   0x08003e84   0x00000030   Code   RO         4681    i.__0snprintf       mc_w.l(printfa.o)
    0x08003eb4   0x08003eb4   0x00000028   Code   RO         4682    i.__0sprintf        mc_w.l(printfa.o)
    0x08003edc   0x08003edc   0x0000000e   Code   RO         4773    i.__scatterload_copy  mc_w.l(handlers.o)
    0x08003eea   0x08003eea   0x00000002   Code   RO         4774    i.__scatterload_null  mc_w.l(handlers.o)
    0x08003eec   0x08003eec   0x0000000e   Code   RO         4775    i.__scatterload_zeroinit  mc_w.l(handlers.o)
    0x08003efa   0x08003efa   0x00000002   PAD
    0x08003efc   0x08003efc   0x00000184   Code   RO         4687    i._fp_digits        mc_w.l(printfa.o)
    0x08004080   0x08004080   0x000006dc   Code   RO         4688    i._printf_core      mc_w.l(printfa.o)
    0x0800475c   0x0800475c   0x00000024   Code   RO         4689    i._printf_post_padding  mc_w.l(printfa.o)
    0x08004780   0x08004780   0x0000002e   Code   RO         4690    i._printf_pre_padding  mc_w.l(printfa.o)
    0x080047ae   0x080047ae   0x00000016   Code   RO         4691    i._snputc           mc_w.l(printfa.o)
    0x080047c4   0x080047c4   0x0000000a   Code   RO         4692    i._sputc            mc_w.l(printfa.o)
    0x080047ce   0x080047ce   0x00000018   Code   RO         3915    i.calculateChecksum  fingerprint.o
    0x080047e6   0x080047e6   0x00000002   PAD
    0x080047e8   0x080047e8   0x00000028   Code   RO         3713    i.create_mqtt_all_command  esp8266.o
    0x08004810   0x08004810   0x0000001c   Code   RO         3714    i.create_mqtt_jsqswitch_command  esp8266.o
    0x0800482c   0x0800482c   0x0000001c   Code   RO         3715    i.create_mqtt_ledswitch_command  esp8266.o
    0x08004848   0x08004848   0x00000020   Code   RO         3716    i.create_mqtt_pub_command  esp8266.o
    0x08004868   0x08004868   0x0000001c   Code   RO         3717    i.create_mqtt_warningflag_command  esp8266.o
    0x08004884   0x08004884   0x0000001c   Code   RO         3718    i.create_mqtt_waterlevel_command  esp8266.o
    0x080048a0   0x080048a0   0x00000198   Code   RO         3719    i.extract_data      esp8266.o
    0x08004a38   0x08004a38   0x000000d4   Code   RO         3720    i.extract_mqtt_flags  esp8266.o
    0x08004b0c   0x08004b0c   0x00000010   Code   RO         3436    i.fputc             serial.o
    0x08004b1c   0x08004b1c   0x0000001c   Code   RO         4252    i.get_number_length_sprintf  main.o
    0x08004b38   0x08004b38   0x00000028   Code   RO         4006    i.humidityandtemperature_Check  dht11.o
    0x08004b60   0x08004b60   0x00000062   Code   RO         3671    i.itoa              common.o
    0x08004bc2   0x08004bc2   0x00000002   PAD
    0x08004bc4   0x08004bc4   0x000004fc   Code   RO         4253    i.main              main.o
    0x080050c0   0x080050c0   0x000000c4   Code   RO         3916    i.match_fingerprint  fingerprint.o
    0x08005184   0x08005184   0x00000016   Code   RO         3522    i.mypow             lcd.o
    0x0800519a   0x0800519a   0x00000002   PAD
    0x0800519c   0x0800519c   0x00000010   Code   RO         4077    i.relay_off1        relay.o
    0x080051ac   0x080051ac   0x00000010   Code   RO         4078    i.relay_off2        relay.o
    0x080051bc   0x080051bc   0x00000010   Code   RO         4079    i.relay_on1         relay.o
    0x080051cc   0x080051cc   0x00000010   Code   RO         4080    i.relay_on2         relay.o
    0x080051dc   0x080051dc   0x00000018   Code   RO         4121    i.water_leavel_Check  water.o
    0x080051f4   0x080051f4   0x000005f0   Data   RO         3336    .constdata          oled.o
    0x080057e4   0x080057e4   0x000045be   Data   RO         3524    .constdata          lcd.o
    0x08009da2   0x08009da2   0x00005aa0   Data   RO         4255    .constdata          main.o
    0x0800f842   0x0800f842   0x00000040   Data   RO         4769    .constdata          mc_w.l(ctype_c.o)
    0x0800f882   0x0800f882   0x00000002   PAD
    0x0800f884   0x0800f884   0x0000039e   Data   RO         3722    .conststring        esp8266.o
    0x0800fc22   0x0800fc22   0x00000002   PAD
    0x0800fc24   0x0800fc24   0x00000020   Data   RO         4771    Region$$Table       anon$$obj.o


    Execution Region RW_IRAM1 (Exec base: 0x20000000, Load base: 0x0800fc44, Size: 0x000011a0, Max: 0x00005000, ABSOLUTE, COMPRESSED[0x00000164])

    Exec Addr    Load Addr    Size         Type   Attr      Idx    E Section Name        Object

    0x20000000   COMPRESSED   0x00000014   Data   RW         1805    .data               stm32f10x_rcc.o
    0x20000014   COMPRESSED   0x00000002   Data   RW         3438    .data               serial.o
    0x20000016   COMPRESSED   0x00000107   Data   RW         3723    .data               esp8266.o
    0x2000011d   COMPRESSED   0x0000002c   Data   RW         3918    .data               fingerprint.o
    0x20000149   COMPRESSED   0x00000004   Data   RW         4009    .data               dht11.o
    0x2000014d   COMPRESSED   0x00000001   Data   RW         4122    .data               water.o
    0x2000014e   COMPRESSED   0x00000002   PAD
    0x20000150   COMPRESSED   0x0000009e   Data   RW         4256    .data               main.o
    0x200001ee   COMPRESSED   0x00000002   PAD
    0x200001f0   COMPRESSED   0x00000004   Data   RW         4738    .data               mc_w.l(stdout.o)
    0x200001f4        -       0x00000064   Zero   RW         3437    .bss                serial.o
    0x20000258        -       0x000009de   Zero   RW         3721    .bss                esp8266.o
    0x20000c36        -       0x00000064   Zero   RW         3917    .bss                fingerprint.o
    0x20000c9a        -       0x000000ff   Zero   RW         4254    .bss                main.o
    0x20000d99   COMPRESSED   0x00000007   PAD
    0x20000da0        -       0x00000400   Zero   RW            1    STACK               startup_stm32f10x_md.o


==============================================================================

Image component sizes


      Code (inc. data)   RO Data    RW Data    ZI Data      Debug   Object Name

       360          0          0          0          0       2003   common.o
         0          0          0          0          0       4500   core_cm3.o
        70          0          0          0          0        882   delay.o
       478         50          0          4          0       5312   dht11.o
      2198        544        926        263       2526      16758   esp8266.o
      1480        328          0         44        100       9224   fingerprint.o
       128          4          0          0          0        531   key.o
      2230         50      17854          0          0      12568   lcd.o
        96         10          0          0          0        855   led.o
      3404        658      23200        158        255     209374   main.o
       132         22          0          0          0     215775   misc.o
       802         26       1520          0          0       7253   oled.o
       184         12          0          0          0        607   pwm.o
       108         22          0          0          0       2091   relay.o
       328         30          0          2        100       4528   serial.o
        36          8        236          0       1024        792   startup_stm32f10x_md.o
       486         24          0          0          0      18550   stm32f10x_adc.o
       160         12          0          0          0       3441   stm32f10x_exti.o
       540         10          0          0          0      14101   stm32f10x_gpio.o
        26          0          0          0          0       3558   stm32f10x_it.o
       332         44          0         20          0      13862   stm32f10x_rcc.o
       436         62          0          0          0      25581   stm32f10x_tim.o
       472          6          0          0          0      12271   stm32f10x_usart.o
       328         28          0          0          0      45053   system_stm32f10x.o
       128          6          0          0          0        524   tim3.o
       124          4          0          0          0        525   timer.o
       350         30          0          1          0       3270   water.o

    ----------------------------------------------------------------------
     15448       1990      43770        496       4012     633789   Object Totals
         0          0         32          0          0          0   (incl. Generated)
        32          0          2          4          7          0   (incl. Padding)

    ----------------------------------------------------------------------

      Code (inc. data)   RO Data    RW Data    ZI Data      Debug   Library Member Name

        56          8          0          0          0         84   __0sscanf.o
        86          0          0          0          0          0   __dczerorl2.o
       812          4          0          0          0        112   _scanf.o
       224          0          0          0          0         96   _scanf_str.o
        64          0          0          0          0         84   _sgetc.o
        40          6         64          0          0         68   ctype_c.o
         0          0          0          0          0          0   entry.o
         0          0          0          0          0          0   entry10a.o
         0          0          0          0          0          0   entry11a.o
         8          4          0          0          0          0   entry2.o
         4          0          0          0          0          0   entry5.o
         0          0          0          0          0          0   entry7b.o
         0          0          0          0          0          0   entry8b.o
         8          4          0          0          0          0   entry9a.o
        30          0          0          0          0          0   handlers.o
        36          8          0          0          0         68   init.o
        10          0          0          0          0         68   isspace_c.o
         0          0          0          0          0          0   iusefp.o
        30          0          0          0          0         68   llshl.o
        36          0          0          0          0         68   llsshr.o
        32          0          0          0          0         68   llushr.o
        36          0          0          0          0        108   memseta.o
      2378        100          0          0          0        756   printfa.o
        40          8          0          0          0         84   scanf_char.o
         0          0          0          4          0          0   stdout.o
        28          0          0          0          0         76   strcmp.o
        14          0          0          0          0         68   strlen.o
        36          0          0          0          0         80   strstr.o
        44          0          0          0          0         80   uidiv.o
        98          0          0          0          0         92   uldiv.o
        48          0          0          0          0         68   cdrcmple.o
       334          0          0          0          0        148   dadd.o
       222          0          0          0          0        100   ddiv.o
       186          0          0          0          0        176   depilogue.o
        50          0          0          0          0         76   dfixui.o
        48          0          0          0          0         68   dfixul.o
        26          0          0          0          0         76   dfltui.o
       228          0          0          0          0         96   dmul.o

    ----------------------------------------------------------------------
      5296        142         66          4          0       2936   Library Totals
         4          0          2          0          0          0   (incl. Padding)

    ----------------------------------------------------------------------

      Code (inc. data)   RO Data    RW Data    ZI Data      Debug   Library Name

      4150        142         64          4          0       2128   mc_w.l
      1142          0          0          0          0        808   mf_w.l

    ----------------------------------------------------------------------
      5296        142         66          4          0       2936   Library Totals

    ----------------------------------------------------------------------

==============================================================================


      Code (inc. data)   RO Data    RW Data    ZI Data      Debug   

     20744       2132      43836        500       4012     627181   Grand Totals
     20744       2132      43836        356       4012     627181   ELF Image Totals (compressed)
     20744       2132      43836        356          0          0   ROM Totals

==============================================================================

    Total RO  Size (Code + RO Data)                64580 (  63.07kB)
    Total RW  Size (RW Data + ZI Data)              4512 (   4.41kB)
    Total ROM Size (Code + RO Data + RW Data)      64936 (  63.41kB)

==============================================================================

